 argument  1 = ./cosmo_nacl.nw



============================== echo of input deck ==============================
start cosmo_nacl_dat
echo
title "NaCl"
geometry units angstrom
  na 0.0 0.0  1.56077802
  cl 0.0 0.0 -1.13220659
end
charge 0
basis
  na library 6-31g*
  cl library 6-311+g*
end
cosmo
end
scf
  print cosmo_energies
end
task scf energy
================================================================================


                                         
                                         


             Northwest Computational Chemistry Package (NWChem) 7.0.1
             --------------------------------------------------------


                    Environmental Molecular Sciences Laboratory
                       Pacific Northwest National Laboratory
                                Richland, WA 99352

                              Copyright (c) 1994-2020
                       Pacific Northwest National Laboratory
                            Battelle Memorial Institute

             NWChem is an open-source computational chemistry package
                        distributed under the terms of the
                      Educational Community License (ECL) 2.0
             A copy of the license is included with this distribution
                              in the LICENSE.TXT file

                                  ACKNOWLEDGMENT
                                  --------------

            This software and its documentation were developed at the
            EMSL at Pacific Northwest National Laboratory, a multiprogram
            national laboratory, operated for the U.S. Department of Energy
            by Battelle under Contract Number DE-AC05-76RL01830. Support
            for this work was provided by the Department of Energy Office
            of Biological and Environmental Research, Office of Basic
            Energy Sciences, and the Office of Advanced Scientific Computing.


           Job information
           ---------------

    hostname        = WE41476
    program         = nwchem
    date            = Thu Nov 11 13:55:51 2021

    compiled        = Thu_Nov_11_13:51:38_2021
    source          = /Users/meji656/Sources/nwchem
    nwchem branch   = 7.0.0
    nwchem revision = nwchem_on_git-3012-g75ff49f32d
    ga revision     = 5.8.0
    use scalapack   = F
    input           = ./cosmo_nacl.nw
    prefix          = cosmo_nacl_dat.
    data base       = ./cosmo_nacl_dat.db
    status          = startup
    nproc           =        4
    time left       =     -1s



           Memory information
           ------------------

    heap     =   13107196 doubles =    100.0 Mbytes
    stack    =   13107201 doubles =    100.0 Mbytes
    global   =   26214400 doubles =    200.0 Mbytes (distinct from heap & stack)
    total    =   52428797 doubles =    400.0 Mbytes
    verify   = yes
    hardfail = no 


           Directory information
           ---------------------

  0 permanent = .
  0 scratch   = .




                                NWChem Input Module
                                -------------------


                                       NaCl
                                       ----

 Scaling coordinates for geometry "geometry" by  1.889725989
 (inverse scale =  0.529177249)

 ORDER OF PRIMARY AXIS IS BEING SET TO 4
 C4V symmetry detected

          ------
          auto-z
          ------
  no constraints, skipping    0.0000000000000000     
  no constraints, skipping    0.0000000000000000     


                             Geometry "geometry" -> ""
                             -------------------------

 Output coordinates in angstroms (scale by  1.889725989 to convert to a.u.)

  No.       Tag          Charge          X              Y              Z
 ---- ---------------- ---------- -------------- -------------- --------------
    1 na                  11.0000     0.00000000     0.00000000     1.63502637
    2 cl                  17.0000     0.00000000     0.00000000    -1.05795824

      Atomic Mass 
      ----------- 

      na                22.989800
      cl                34.968850


 Effective nuclear repulsion energy (a.u.)      36.7459008846

            Nuclear Dipole moment (a.u.) 
            ----------------------------
        X                 Y               Z
 ---------------- ---------------- ----------------
     0.0000000000     0.0000000000    -0.0000000000

      Symmetry information
      --------------------

 Group name             C4v       
 Group number             18
 Group order               8
 No. of unique centers     2

      Symmetry unique atoms

     1    2



                                Z-matrix (autoz)
                                -------- 

 Units are Angstrom for bonds and degrees for angles

      Type          Name      I     J     K     L     M      Value
      ----------- --------  ----- ----- ----- ----- ----- ----------
    1 Stretch                  1     2                       2.69298


            XYZ format geometry
            -------------------
     2
 geometry
 na                    0.00000000     0.00000000     1.63502637
 cl                    0.00000000     0.00000000    -1.05795824

 ==============================================================================
                                internuclear distances
 ------------------------------------------------------------------------------
       center one      |      center two      | atomic units |  angstroms
 ------------------------------------------------------------------------------
    2 cl               |   1 na               |     5.08900  |     2.69298
 ------------------------------------------------------------------------------
                         number of included internuclear distances:          1
 ==============================================================================



                      Basis "ao basis" -> "" (cartesian)
                      -----
  na (Sodium)
  -----------
            Exponent  Coefficients 
       -------------- ---------------------------------------------------------
  1 S  9.99320000E+03  0.001938
  1 S  1.49989000E+03  0.014807
  1 S  3.41951000E+02  0.072706
  1 S  9.46797000E+01  0.252629
  1 S  2.97345000E+01  0.493242
  1 S  1.00063000E+01  0.313169

  2 S  1.50963000E+02 -0.003542
  2 S  3.55878000E+01 -0.043959
  2 S  1.11683000E+01 -0.109752
  2 S  3.90201000E+00  0.187398
  2 S  1.38177000E+00  0.646699
  2 S  4.66382000E-01  0.306058

  3 P  1.50963000E+02  0.005002
  3 P  3.55878000E+01  0.035511
  3 P  1.11683000E+01  0.142825
  3 P  3.90201000E+00  0.338620
  3 P  1.38177000E+00  0.451579
  3 P  4.66382000E-01  0.273271

  4 S  4.97966000E-01 -0.248503
  4 S  8.43530000E-02 -0.131704
  4 S  6.66350000E-02  1.233520

  5 P  4.97966000E-01 -0.023023
  5 P  8.43530000E-02  0.950359
  5 P  6.66350000E-02  0.059858

  6 S  2.59544000E-02  1.000000

  7 P  2.59544000E-02  1.000000

  8 D  1.75000000E-01  1.000000

  cl (Chlorine)
  -------------
            Exponent  Coefficients 
       -------------- ---------------------------------------------------------
  1 S  1.05819000E+05  0.000738
  1 S  1.58720000E+04  0.005718
  1 S  3.61965000E+03  0.029495
  1 S  1.03080000E+03  0.117286
  1 S  3.39908000E+02  0.362949
  1 S  1.24538000E+02  0.584149

  2 S  1.24538000E+02  0.134177
  2 S  4.95135000E+01  0.624250
  2 S  2.08056000E+01  0.291756

  3 S  6.58346000E+00  1.000000

  4 S  2.56468000E+00  1.000000

  5 S  5.59763000E-01  1.000000

  6 S  1.83273000E-01  1.000000

  7 P  5.89776000E+02  0.002391
  7 P  1.39849000E+02  0.018504
  7 P  4.51413000E+01  0.081377
  7 P  1.68733000E+01  0.221552
  7 P  6.74110000E+00  0.772569

  8 P  6.74110000E+00 -1.572244
  8 P  2.77152000E+00  0.992389

  9 P  1.02387000E+00  1.000000

 10 P  3.81368000E-01  1.000000

 11 P  1.09437000E-01  1.000000

 12 S  4.83000000E-02  1.000000

 13 P  4.83000000E-02  1.000000

 14 D  7.50000000E-01  1.000000



 Summary of "ao basis" -> "" (cartesian)
 ------------------------------------------------------------------------------
       Tag                 Description            Shells   Functions and Types
 ---------------- ------------------------------  ------  ---------------------
 na                          6-31g*                  8       19   4s3p1d
 cl                         6-311+g*                14       31   7s6p1d



 solvent parameters
 solvname_short: h2o     
 solvname_long:  water                              
 dielec:       78.4000
 dielecinf:     1.7769

          ---------------
          -cosmo- solvent
          ---------------
 Cosmo: York-Karplus, doi: 10.1021/jp992097l
 dielectric constant -eps-     =  78.40
 screen = (eps-1)/(eps    )    =   0.98724
 surface charge correction     = lagrangian

 solvent accessible surface
 --------------------------

 ---------- ATOMIC COORDINATES (A.U.) ------------ VDWR(ANG.) --
     1    0.00000000    0.00000000    3.08975182     1.755
     2    0.00000000    0.00000000   -1.99925118     2.050
 number of segments per atom =         32
 number of   points per atom =         32
 atom (   nspa,  nppa )
 ----------------------
    1 (     28,     0 )       0
    2 (     28,     0 )       0
 number of -cosmo- surface points =       56
 molecular surface =     79.825 angstrom**2
 molecular volume  =     51.241 angstrom**3
 G(cav/disp)       =      1.259 kcal/mol
 -lineq- algorithm             =   0
 -bem- low  level              =   2
 -bem- from -octahedral-
 gaussian surface charge width =   4.50000
 degree of switching           =   1.00000
 switching function tolerance  =   0.00010
 atomic radii = 
 --------------
    1 11.000  1.755
    2 17.000  2.050
 ...... end of -cosmo- initialization ......


                                 NWChem SCF Module
                                 -----------------


                                       NaCl



  ao basis        = "ao basis"
  functions       =    50
  atoms           =     2
  closed shells   =    14
  open shells     =     0
  charge          =   0.00
  wavefunction    = RHF 
  input vectors   = atomic
  output vectors  = ./cosmo_nacl_dat.movecs
  use symmetry    = T
  symmetry adapt  = T


 Summary of "ao basis" -> "ao basis" (cartesian)
 ------------------------------------------------------------------------------
       Tag                 Description            Shells   Functions and Types
 ---------------- ------------------------------  ------  ---------------------
 na                          6-31g*                  8       19   4s3p1d
 cl                         6-311+g*                14       31   7s6p1d


      Symmetry analysis of basis
      --------------------------

        a1         24
        a2          0
        b1          2
        b2          2
        e          22


 Forming initial guess at       0.1s


      Superposition of Atomic Density Guess
      -------------------------------------

 Sum of atomic energies:        -621.31943977

      Non-variational initial energy
      ------------------------------

 Total energy =    -621.147812
 1-e energy   =    -935.934363
 2-e energy   =     278.040650
 HOMO         =      -0.441660
 LUMO         =      -0.055974


      Symmetry analysis of molecular orbitals - initial
      -------------------------------------------------

  Numbering of irreducible representations: 

     1 a1          2 a2          3 b1          4 b2          5 e       

  Orbital symmetries:

     1 a1          2 a1          3 a1          4 a1          5 e       
     6 e           7 a1          8 a1          9 e          10 e       
    11 a1         12 a1         13 e          14 e          15 a1      
    16 e          17 e          18 a1         19 a1         20 e       
    21 e          22 a1         23 e          24 e       


 Starting SCF solution at       0.2s



 ----------------------------------------------
         Quadratically convergent ROHF

 Convergence threshold     :          1.000E-04
 Maximum no. of iterations :           30
 Final Fock-matrix accuracy:          1.000E-07
 ----------------------------------------------

     COSMO gas phase

 Integral file          = ./cosmo_nacl_dat.aoints.0
 Record size in doubles =  65536        No. of integs per rec  =  43688
 Max. records in memory =      4        Max. records in file   = 120115
 No. of bits per label  =      8        No. of bits per value  =     64


 #quartets = 3.037D+04 #integrals = 2.139D+05 #direct =  0.0% #cached =100.0%


File balance: exchanges=     0  moved=     0  time=   0.0


              iter       energy          gnorm     gmax       time
             ----- ------------------- --------- --------- --------
                 1     -621.3886708351  5.84D-01  1.91D-01      0.4
                 2     -621.4204581533  1.20D-01  3.41D-02      0.4
                 3     -621.4212218215  4.45D-03  1.54D-03      0.5
                 4     -621.4212241873  1.43D-05  6.46D-06      0.5
     COSMO solvation phase
 Alternative 1
 -atmefc- energy =       0.108215411212
 -elcefc- energy =      -0.248951734521
 -efcefc- energy =       0.070368161655
 -lambda- energy =      -0.000000000000
 -solnrg- energy =      -0.070368161655
 -allefc- energy =      -0.140736323310     -0.140736323310
 -ecos  - energy =       0.178583572867
 Alternative 2
 -atmefc- energy =       0.108215411212
 -elcefc- energy =      -0.248951734521
 -allefc- energy =      -0.140736323310
 -solnrg- energy =      -0.070368161655
 -ecos  - energy =       0.178583572867

              iter       energy          gnorm     gmax       time
             ----- ------------------- --------- --------- --------
                 1     -621.4915923489  1.85D-01  7.42D-02      0.5
 Alternative 1
 -atmefc- energy =       0.047576216996
 -elcefc- energy =      -0.214215064699
 -efcefc- energy =       0.083319423851
 -lambda- energy =       0.000000000000
 -solnrg- energy =      -0.083319423851
 -allefc- energy =      -0.166638847703     -0.166638847703
 -ecos  - energy =       0.130895640847
 Alternative 2
 -atmefc- energy =       0.047576216996
 -elcefc- energy =      -0.214215064699
 -allefc- energy =      -0.166638847703
 -solnrg- energy =      -0.083319423851
 -ecos  - energy =       0.130895640847
                 2     -621.4993917484  4.05D-02  1.72D-02      0.6
 Alternative 1
 -atmefc- energy =       0.032022166461
 -elcefc- energy =      -0.204235298635
 -efcefc- energy =       0.086106566087
 -lambda- energy =      -0.000000000000
 -solnrg- energy =      -0.086106566087
 -allefc- energy =      -0.172213132174     -0.172213132174
 -ecos  - energy =       0.118128732548
 Alternative 2
 -atmefc- energy =       0.032022166461
 -elcefc- energy =      -0.204235298635
 -allefc- energy =      -0.172213132174
 -solnrg- energy =      -0.086106566087
 -ecos  - energy =       0.118128732548
                 3     -621.4997756470  7.80D-03  3.04D-03      0.6
 Alternative 1
 -atmefc- energy =       0.029060845700
 -elcefc- energy =      -0.202228501108
 -efcefc- energy =       0.086583827704
 -lambda- energy =      -0.000000000000
 -solnrg- energy =      -0.086583827704
 -allefc- energy =      -0.173167655408     -0.173167655408
 -ecos  - energy =       0.115644673404
 Alternative 2
 -atmefc- energy =       0.029060845700
 -elcefc- energy =      -0.202228501108
 -allefc- energy =      -0.173167655408
 -solnrg- energy =      -0.086583827704
 -ecos  - energy =       0.115644673404
                 4     -621.4997868792  1.39D-03  5.65D-04      0.7
 Alternative 1
 -atmefc- energy =       0.028528230285
 -elcefc- energy =      -0.201865993840
 -efcefc- energy =       0.086668881778
 -lambda- energy =      -0.000000000000
 -solnrg- energy =      -0.086668881778
 -allefc- energy =      -0.173337763555     -0.173337763555
 -ecos  - energy =       0.115197112062
 Alternative 2
 -atmefc- energy =       0.028528230285
 -elcefc- energy =      -0.201865993840
 -allefc- energy =      -0.173337763555
 -solnrg- energy =      -0.086668881778
 -ecos  - energy =       0.115197112062
                 5     -621.4997872381  2.50D-04  1.02D-04      0.8
 Alternative 1
 -atmefc- energy =       0.028432638227
 -elcefc- energy =      -0.201800879689
 -efcefc- energy =       0.086684120731
 -lambda- energy =       0.000000000000
 -solnrg- energy =      -0.086684120731
 -allefc- energy =      -0.173368241462     -0.173368241462
 -ecos  - energy =       0.115116758958
 Alternative 2
 -atmefc- energy =       0.028432638227
 -elcefc- energy =      -0.201800879689
 -allefc- energy =      -0.173368241462
 -solnrg- energy =      -0.086684120731
 -ecos  - energy =       0.115116758958
                 6     -621.4997872496  4.50D-05  1.82D-05      0.8
 
                  COSMO solvation results
                  -----------------------
 
                 gas phase energy =      -621.4212241873
                 sol phase energy =      -621.4997872496
 (electrostatic) solvation energy =         0.0785630624 (   49.30 kcal/mol)


       Final RHF  results 
       ------------------ 

         Total SCF energy =   -621.499787249645
      One-electron energy =   -938.789662784609
      Two-electron energy =    280.428857891357
 Nuclear repulsion energy =     36.745900884648
             COSMO energy =      0.115116758958

        Time for solution =      0.6s



       Symmetry analysis of molecular orbitals - final
       -----------------------------------------------

  Numbering of irreducible representations: 

     1 a1          2 a2          3 b1          4 b2          5 e       

  Orbital symmetries:

     1 a1          2 a1          3 a1          4 a1          5 e       
     6 e           7 a1          8 a1          9 e          10 e       
    11 a1         12 a1         13 e          14 e          15 a1      
    16 a1         17 e          18 e          19 a1         20 e       
    21 e          22 a1         23 a1         24 e       

             Final eigenvalues
             -----------------

              1      
    1 -104.7472
    2  -40.4659
    3  -10.4731
    4   -7.9403
    5   -7.9401
    6   -7.9401
    7   -2.7739
    8   -1.4963
    9   -1.4962
   10   -1.4962
   11   -0.9856
   12   -0.4087
   13   -0.4011
   14   -0.4011
   15    0.0358
   16    0.0616
   17    0.0616
   18    0.0616
   19    0.1365
   20    0.1468
   21    0.1468
   22    0.1710
   23    0.2325
   24    0.2552

                       ROHF Final Molecular Orbital Analysis
                       -------------------------------------

 Vector    5  Occ=2.000000D+00  E=-7.940114D+00  Symmetry=e
              MO Center= -1.0D-16,  3.5D-16, -1.1D+00, r^2= 5.7D-02
   Bfn.  Coefficient  Atom+Function         Bfn.  Coefficient  Atom+Function  
  ----- ------------  ---------------      ----- ------------  ---------------
    27      1.171581  2 Cl py                26     -0.377767  2 Cl px         
    30      0.311439  2 Cl py         

 Vector    6  Occ=2.000000D+00  E=-7.940114D+00  Symmetry=e
              MO Center=  2.4D-16,  7.8D-17, -1.1D+00, r^2= 5.7D-02
   Bfn.  Coefficient  Atom+Function         Bfn.  Coefficient  Atom+Function  
  ----- ------------  ---------------      ----- ------------  ---------------
    26      1.171581  2 Cl px                27      0.377767  2 Cl py         
    29      0.311439  2 Cl px         

 Vector    7  Occ=2.000000D+00  E=-2.773928D+00  Symmetry=a1
              MO Center=  5.0D-17, -3.3D-17,  1.6D+00, r^2= 2.1D-01
   Bfn.  Coefficient  Atom+Function         Bfn.  Coefficient  Atom+Function  
  ----- ------------  ---------------      ----- ------------  ---------------
     2      1.028100  1 Na s                  1     -0.245828  1 Na s          

 Vector    8  Occ=2.000000D+00  E=-1.496301D+00  Symmetry=a1
              MO Center= -1.7D-17,  6.0D-17,  1.6D+00, r^2= 2.3D-01
   Bfn.  Coefficient  Atom+Function         Bfn.  Coefficient  Atom+Function  
  ----- ------------  ---------------      ----- ------------  ---------------
     5      0.998448  1 Na pz         

 Vector    9  Occ=2.000000D+00  E=-1.496198D+00  Symmetry=e
              MO Center= -6.6D-17, -1.3D-16,  1.6D+00, r^2= 2.3D-01
   Bfn.  Coefficient  Atom+Function         Bfn.  Coefficient  Atom+Function  
  ----- ------------  ---------------      ----- ------------  ---------------
     4      0.973453  1 Na py                 3     -0.223082  1 Na px         

 Vector   10  Occ=2.000000D+00  E=-1.496198D+00  Symmetry=e
              MO Center= -6.1D-17, -6.3D-17,  1.6D+00, r^2= 2.3D-01
   Bfn.  Coefficient  Atom+Function         Bfn.  Coefficient  Atom+Function  
  ----- ------------  ---------------      ----- ------------  ---------------
     3      0.973453  1 Na px                 4      0.223082  1 Na py         

 Vector   11  Occ=2.000000D+00  E=-9.855957D-01  Symmetry=a1
              MO Center=  3.1D-16,  3.0D-16, -1.0D+00, r^2= 8.5D-01
   Bfn.  Coefficient  Atom+Function         Bfn.  Coefficient  Atom+Function  
  ----- ------------  ---------------      ----- ------------  ---------------
    25      0.588874  2 Cl s                 24      0.578418  2 Cl s          
    23     -0.394916  2 Cl s                 22     -0.209905  2 Cl s          

 Vector   12  Occ=2.000000D+00  E=-4.087497D-01  Symmetry=a1
              MO Center=  7.3D-16,  5.9D-15, -1.0D+00, r^2= 1.4D+00
   Bfn.  Coefficient  Atom+Function         Bfn.  Coefficient  Atom+Function  
  ----- ------------  ---------------      ----- ------------  ---------------
    37      0.545703  2 Cl pz                40      0.409053  2 Cl pz         
    28     -0.318588  2 Cl pz                34      0.226794  2 Cl pz         

 Vector   13  Occ=2.000000D+00  E=-4.011170D-01  Symmetry=e
              MO Center= -5.7D-15, -2.1D-15, -1.1D+00, r^2= 1.4D+00
   Bfn.  Coefficient  Atom+Function         Bfn.  Coefficient  Atom+Function  
  ----- ------------  ---------------      ----- ------------  ---------------
    35      0.519070  2 Cl px                38      0.403401  2 Cl px         
    26     -0.304596  2 Cl px                32      0.218144  2 Cl px         
    36      0.164441  2 Cl py         

 Vector   14  Occ=2.000000D+00  E=-4.011170D-01  Symmetry=e
              MO Center=  3.0D-15, -9.9D-15, -1.1D+00, r^2= 1.4D+00
   Bfn.  Coefficient  Atom+Function         Bfn.  Coefficient  Atom+Function  
  ----- ------------  ---------------      ----- ------------  ---------------
    36      0.519070  2 Cl py                39      0.403401  2 Cl py         
    27     -0.304596  2 Cl py                33      0.218144  2 Cl py         
    35     -0.164441  2 Cl px         

 Vector   15  Occ=0.000000D+00  E= 3.580742D-02  Symmetry=a1
              MO Center= -2.6D-15, -3.1D-15,  2.3D+00, r^2= 1.2D+01
   Bfn.  Coefficient  Atom+Function         Bfn.  Coefficient  Atom+Function  
  ----- ------------  ---------------      ----- ------------  ---------------
    10      1.813804  1 Na s                  6     -0.963603  1 Na s          
    41     -0.347512  2 Cl s                 44     -0.305164  2 Cl pz         
    14      0.192046  1 Na dxx               17      0.192046  1 Na dyy        
    19      0.185879  1 Na dzz                2     -0.180351  1 Na s          

 Vector   16  Occ=0.000000D+00  E= 6.164374D-02  Symmetry=a1
              MO Center=  1.7D-13,  3.2D-14,  1.3D+00, r^2= 1.9D+01
   Bfn.  Coefficient  Atom+Function         Bfn.  Coefficient  Atom+Function  
  ----- ------------  ---------------      ----- ------------  ---------------
    13      1.587996  1 Na pz                41      1.124040  2 Cl s          
    10     -0.999190  1 Na s                 44      0.705270  2 Cl pz         
    40     -0.258292  2 Cl pz         

 Vector   17  Occ=0.000000D+00  E= 6.164854D-02  Symmetry=e
              MO Center= -1.1D-13, -5.8D-14,  2.0D+00, r^2= 1.5D+01
   Bfn.  Coefficient  Atom+Function         Bfn.  Coefficient  Atom+Function  
  ----- ------------  ---------------      ----- ------------  ---------------
    11      1.079423  1 Na px                12      0.541993  1 Na py         
     7     -0.161071  1 Na px                42     -0.159073  2 Cl px         

 Vector   18  Occ=0.000000D+00  E= 6.164854D-02  Symmetry=e
              MO Center=  1.1D-14, -2.1D-14,  2.0D+00, r^2= 1.5D+01
   Bfn.  Coefficient  Atom+Function         Bfn.  Coefficient  Atom+Function  
  ----- ------------  ---------------      ----- ------------  ---------------
    12      1.079423  1 Na py                11     -0.541993  1 Na px         
     8     -0.161071  1 Na py                43     -0.159073  2 Cl py         

 Vector   19  Occ=0.000000D+00  E= 1.365042D-01  Symmetry=a1
              MO Center=  2.2D-13,  4.6D-13, -1.6D+00, r^2= 1.2D+01
   Bfn.  Coefficient  Atom+Function         Bfn.  Coefficient  Atom+Function  
  ----- ------------  ---------------      ----- ------------  ---------------
    44      1.503206  2 Cl pz                41     -0.935226  2 Cl s          
    40     -0.829753  2 Cl pz                13     -0.701919  1 Na pz         
    25      0.396654  2 Cl s                 10      0.383044  1 Na s          
     6     -0.315555  1 Na s          

 Vector   20  Occ=0.000000D+00  E= 1.468255D-01  Symmetry=e
              MO Center=  2.0D-13, -5.5D-13, -1.1D+00, r^2= 1.2D+01
   Bfn.  Coefficient  Atom+Function         Bfn.  Coefficient  Atom+Function  
  ----- ------------  ---------------      ----- ------------  ---------------
    43      1.792859  2 Cl py                39     -0.904573  2 Cl py         
    42     -0.662304  2 Cl px                12     -0.576317  1 Na py         
    38      0.334160  2 Cl px                11      0.212899  1 Na px         

 Vector   21  Occ=0.000000D+00  E= 1.468255D-01  Symmetry=e
              MO Center= -6.3D-13, -2.3D-13, -1.1D+00, r^2= 1.2D+01
   Bfn.  Coefficient  Atom+Function         Bfn.  Coefficient  Atom+Function  
  ----- ------------  ---------------      ----- ------------  ---------------
    42      1.792859  2 Cl px                38     -0.904573  2 Cl px         
    43      0.662304  2 Cl py                11     -0.576317  1 Na px         
    39     -0.334160  2 Cl py                12     -0.212899  1 Na py         

 Vector   22  Occ=0.000000D+00  E= 1.710181D-01  Symmetry=a1
              MO Center=  1.7D-13,  3.7D-13,  1.9D+00, r^2= 1.1D+01
   Bfn.  Coefficient  Atom+Function         Bfn.  Coefficient  Atom+Function  
  ----- ------------  ---------------      ----- ------------  ---------------
     6      3.995595  1 Na s                 10     -2.588686  1 Na s          
    41      1.090103  2 Cl s                 19     -0.735132  1 Na dzz        
    14     -0.690456  1 Na dxx               17     -0.690456  1 Na dyy        
    25     -0.490298  2 Cl s                  9      0.300076  1 Na pz         
    13      0.230200  1 Na pz         

 Vector   23  Occ=0.000000D+00  E= 2.325206D-01  Symmetry=a1
              MO Center= -1.4D-14,  2.1D-14,  3.5D-02, r^2= 1.2D+01
   Bfn.  Coefficient  Atom+Function         Bfn.  Coefficient  Atom+Function  
  ----- ------------  ---------------      ----- ------------  ---------------
    41      3.966662  2 Cl s                  6     -2.277430  1 Na s          
    44      2.015000  2 Cl pz                25     -1.399935  2 Cl s          
    13      1.380031  1 Na pz                10     -1.262600  1 Na s          
    40     -0.398789  2 Cl pz                14      0.370486  1 Na dxx        
    17      0.370486  1 Na dyy               19      0.262100  1 Na dzz        

 Vector   24  Occ=0.000000D+00  E= 2.551507D-01  Symmetry=e
              MO Center= -2.5D-14, -4.8D-15,  1.7D+00, r^2= 6.7D+00
   Bfn.  Coefficient  Atom+Function         Bfn.  Coefficient  Atom+Function  
  ----- ------------  ---------------      ----- ------------  ---------------
     7      1.223588  1 Na px                11     -0.725631  1 Na px         
     8      0.606034  1 Na py                12     -0.359400  1 Na py         
     3     -0.194261  1 Na px         

 Vector   25  Occ=0.000000D+00  E= 2.551507D-01  Symmetry=e
              MO Center=  1.2D-14, -2.3D-14,  1.7D+00, r^2= 6.7D+00
   Bfn.  Coefficient  Atom+Function         Bfn.  Coefficient  Atom+Function  
  ----- ------------  ---------------      ----- ------------  ---------------
     8      1.223588  1 Na py                12     -0.725631  1 Na py         
     7     -0.606034  1 Na px                11      0.359400  1 Na px         
     4     -0.194261  1 Na py         

 Vector   26  Occ=0.000000D+00  E= 3.123750D-01  Symmetry=a1
              MO Center= -1.6D-14,  4.0D-14,  1.0D+00, r^2= 6.8D+00
   Bfn.  Coefficient  Atom+Function         Bfn.  Coefficient  Atom+Function  
  ----- ------------  ---------------      ----- ------------  ---------------
     6      2.013731  1 Na s                  9     -2.005629  1 Na pz         
    41     -1.633102  2 Cl s                 44     -0.876242  2 Cl pz         
    40     -0.659205  2 Cl pz                13      0.276872  1 Na pz         
    14     -0.206641  1 Na dxx               17     -0.206641  1 Na dyy        
     5      0.199266  1 Na pz                19     -0.187280  1 Na dzz        

 Vector   27  Occ=0.000000D+00  E= 5.204001D-01  Symmetry=b2
              MO Center=  9.3D-15,  1.1D-14,  1.6D+00, r^2= 2.8D+00
   Bfn.  Coefficient  Atom+Function         Bfn.  Coefficient  Atom+Function  
  ----- ------------  ---------------      ----- ------------  ---------------
    15      1.731300  1 Na dxy        


 center of mass
 --------------
 x =   0.00000000 y =   0.00000000 z =   0.01934589

 moments of inertia (a.u.)
 ------------------
         359.222637053464           0.000000000000           0.000000000000
           0.000000000000         359.222637053464           0.000000000000
           0.000000000000           0.000000000000           0.000000000000

  Mulliken analysis of the total density
  --------------------------------------

    Atom       Charge   Shell Charges
 -----------   ------   -------------------------------------------------------
    1 Na  11    10.08   2.00  2.00  5.99  0.02  0.03  0.01  0.01  0.02
    2 Cl  17    17.92   0.78  1.19  0.91  1.07  0.92  1.07  7.41 -1.49  1.01  3.05  2.03  0.02 -0.07  0.04

       Multipole analysis of the density wrt the origin
       ------------------------------------------------

     L   x y z        total         open         nuclear
     -   - - -        -----         ----         -------
     0   0 0 0     -0.000000      0.000000     28.000000

     1   1 0 0      0.000000      0.000000      0.000000
     1   0 1 0      0.000000      0.000000      0.000000
     1   0 0 1      4.957017      0.000000     -0.000000

     2   2 0 0    -14.410481      0.000000      0.000000
     2   1 1 0     -0.000000      0.000000      0.000000
     2   1 0 1     -0.000000      0.000000      0.000000
     2   0 2 0    -14.410481      0.000000      0.000000
     2   0 1 1     -0.000000      0.000000      0.000000
     2   0 0 2     -8.410269      0.000000    172.961319


 Parallel integral file used       7 records with       0 large values


 Task  times  cpu:        0.8s     wall:        0.8s


                                NWChem Input Module
                                -------------------


 Summary of allocated global arrays
-----------------------------------
  No active global arrays



                         GA Statistics for process    0
                         ------------------------------

       create   destroy   get      put      acc     scatter   gather  read&inc
calls:  725      725     5370     2218     3625        0        0      200     
number of processes/call 1.13e+13 2.55e+14 2.78e+13 0.00e+00 0.00e+00
bytes total:             1.02e+07 3.51e+06 3.81e+06 0.00e+00 0.00e+00 1.60e+03
bytes remote:            5.91e+06 9.21e+05 1.99e+06 0.00e+00 0.00e+00 0.00e+00
Max memory consumed for GA by this process: 82392 bytes

MA_summarize_allocated_blocks: starting scan ...
MA_summarize_allocated_blocks: scan completed: 0 heap blocks, 0 stack blocks
MA usage statistics:

	allocation statistics:
					      heap	     stack
					      ----	     -----
	current number of blocks	         0	         0
	maximum number of blocks	        22	        25
	current total bytes		         0	         0
	maximum total bytes		   2131896	  22510184
	maximum total K-bytes		      2132	     22511
	maximum total M-bytes		         3	        23


                                     CITATION
                                     --------
                Please cite the following reference when publishing
                           results obtained with NWChem:

          E. Apra, E. J. Bylaska, W. A. de Jong, N. Govind, K. Kowalski,
       T. P. Straatsma, M. Valiev, H. J. J. van Dam, Y. Alexeev, J. Anchell,
       V. Anisimov, F. W. Aquino, R. Atta-Fynn, J. Autschbach, N. P. Bauman,
     J. C. Becca, D. E. Bernholdt, K. Bhaskaran-Nair, S. Bogatko, P. Borowski,
         J. Boschen, J. Brabec, A. Bruner, E. Cauet, Y. Chen, G. N. Chuev,
      C. J. Cramer, J. Daily, M. J. O. Deegan, T. H. Dunning Jr., M. Dupuis,
   K. G. Dyall, G. I. Fann, S. A. Fischer, A. Fonari, H. Fruchtl, L. Gagliardi,
      J. Garza, N. Gawande, S. Ghosh, K. Glaesemann, A. W. Gotz, J. Hammond,
       V. Helms, E. D. Hermes, K. Hirao, S. Hirata, M. Jacquelin, L. Jensen,
   B. G. Johnson, H. Jonsson, R. A. Kendall, M. Klemm, R. Kobayashi, V. Konkov,
      S. Krishnamoorthy, M. Krishnan, Z. Lin, R. D. Lins, R. J. Littlefield,
      A. J. Logsdail, K. Lopata, W. Ma, A. V. Marenich, J. Martin del Campo,
   D. Mejia-Rodriguez, J. E. Moore, J. M. Mullin, T. Nakajima, D. R. Nascimento,
    J. A. Nichols, P. J. Nichols, J. Nieplocha, A. Otero-de-la-Roza, B. Palmer,
    A. Panyala, T. Pirojsirikul, B. Peng, R. Peverati, J. Pittner, L. Pollack,
   R. M. Richard, P. Sadayappan, G. C. Schatz, W. A. Shelton, D. W. Silverstein,
   D. M. A. Smith, T. A. Soares, D. Song, M. Swart, H. L. Taylor, G. S. Thomas,
            V. Tipparaju, D. G. Truhlar, K. Tsemekhman, T. Van Voorhis,
      A. Vazquez-Mayagoitia, P. Verma, O. Villa, A. Vishnu, K. D. Vogiatzis,
        D. Wang, J. H. Weare, M. J. Williamson, T. L. Windus, K. Wolinski,
        A. T. Wong, Q. Wu, C. Yang, Q. Yu, M. Zacharias, Z. Zhang, Y. Zhao,
                                and R. J. Harrison
                        "NWChem: Past, present, and future
                         J. Chem. Phys. 152, 184102 (2020)
                               doi:10.1063/5.0004997

                                      AUTHORS
                                      -------
     E. Apra, E. J. Bylaska, N. Govind, K. Kowalski, M. Valiev, W. A. de Jong,
      T. P. Straatsma, H. J. J. van Dam, D. Wang, T. L. Windus, N. P. Bauman,
       A. Panyala, J. Hammond, J. Autschbach, K. Bhaskaran-Nair, J. Brabec,
    K. Lopata, S. A. Fischer, S. Krishnamoorthy, M. Jacquelin, W. Ma, M. Klemm,
       O. Villa, Y. Chen, V. Anisimov, F. Aquino, S. Hirata, M. T. Hackler,
           Eric Hermes, L. Jensen, J. E. Moore, J. C. Becca, V. Konjkov,
            D. Mejia-Rodriguez, T. Risthaus, M. Malagoli, A. Marenich,
   A. Otero-de-la-Roza, J. Mullin, P. Nichols, R. Peverati, J. Pittner, Y. Zhao,
        P.-D. Fan, A. Fonari, M. J. Williamson, R. J. Harrison, J. R. Rehr,
      M. Dupuis, D. Silverstein, D. M. A. Smith, J. Nieplocha, V. Tipparaju,
      M. Krishnan, B. E. Van Kuiken, A. Vazquez-Mayagoitia, M. Swart, Q. Wu,
   T. Van Voorhis, A. A. Auer, M. Nooijen, L. D. Crosby, E. Brown, G. Cisneros,
     G. I. Fann, H. Fruchtl, J. Garza, K. Hirao, R. A. Kendall, J. A. Nichols,
       K. Tsemekhman, K. Wolinski, J. Anchell, D. E. Bernholdt, P. Borowski,
       T. Clark, D. Clerc, H. Dachsel, M. J. O. Deegan, K. Dyall, D. Elwood,
      E. Glendening, M. Gutowski, A. C. Hess, J. Jaffe, B. G. Johnson, J. Ju,
        R. Kobayashi, R. Kutteh, Z. Lin, R. Littlefield, X. Long, B. Meng,
      T. Nakajima, S. Niu, L. Pollack, M. Rosing, K. Glaesemann, G. Sandrone,
      M. Stave, H. Taylor, G. Thomas, J. H. van Lenthe, A. T. Wong, Z. Zhang.

 Total times  cpu:        0.9s     wall:        0.9s
