 argument  1 = ./cosmo_na.nw



============================== echo of input deck ==============================
start cosmo_na_dat
echo
title "Na+"
geometry
  na 0.0 0.0 0.0
end
charge +1
basis
  na library 6-31g*
end
cosmo
end
scf
  print cosmo_energies
end
task scf energy
================================================================================


                                         
                                         


             Northwest Computational Chemistry Package (NWChem) 7.0.1
             --------------------------------------------------------


                    Environmental Molecular Sciences Laboratory
                       Pacific Northwest National Laboratory
                                Richland, WA 99352

                              Copyright (c) 1994-2020
                       Pacific Northwest National Laboratory
                            Battelle Memorial Institute

             NWChem is an open-source computational chemistry package
                        distributed under the terms of the
                      Educational Community License (ECL) 2.0
             A copy of the license is included with this distribution
                              in the LICENSE.TXT file

                                  ACKNOWLEDGMENT
                                  --------------

            This software and its documentation were developed at the
            EMSL at Pacific Northwest National Laboratory, a multiprogram
            national laboratory, operated for the U.S. Department of Energy
            by Battelle under Contract Number DE-AC05-76RL01830. Support
            for this work was provided by the Department of Energy Office
            of Biological and Environmental Research, Office of Basic
            Energy Sciences, and the Office of Advanced Scientific Computing.


           Job information
           ---------------

    hostname        = WE41476
    program         = nwchem
    date            = Thu Nov 11 14:56:31 2021

    compiled        = Thu_Nov_11_13:51:38_2021
    source          = /Users/meji656/Sources/nwchem
    nwchem branch   = 7.0.0
    nwchem revision = nwchem_on_git-3012-g75ff49f32d
    ga revision     = 5.8.0
    use scalapack   = F
    input           = ./cosmo_na.nw
    prefix          = cosmo_na_dat.
    data base       = ./cosmo_na_dat.db
    status          = startup
    nproc           =        4
    time left       =     -1s



           Memory information
           ------------------

    heap     =   13107196 doubles =    100.0 Mbytes
    stack    =   13107201 doubles =    100.0 Mbytes
    global   =   26214400 doubles =    200.0 Mbytes (distinct from heap & stack)
    total    =   52428797 doubles =    400.0 Mbytes
    verify   = yes
    hardfail = no 


           Directory information
           ---------------------

  0 permanent = .
  0 scratch   = .




                                NWChem Input Module
                                -------------------


                                        Na+
                                        ---

 Scaling coordinates for geometry "geometry" by  1.889725989
 (inverse scale =  0.529177249)



                             Geometry "geometry" -> ""
                             -------------------------

 Output coordinates in angstroms (scale by  1.889725989 to convert to a.u.)

  No.       Tag          Charge          X              Y              Z
 ---- ---------------- ---------- -------------- -------------- --------------
    1 na                  11.0000     0.00000000     0.00000000     0.00000000

      Atomic Mass 
      ----------- 

      na                22.989800


 Effective nuclear repulsion energy (a.u.)       0.0000000000

            Nuclear Dipole moment (a.u.) 
            ----------------------------
        X                 Y               Z
 ---------------- ---------------- ----------------
     0.0000000000     0.0000000000     0.0000000000


            XYZ format geometry
            -------------------
     1
 geometry
 na                    0.00000000     0.00000000     0.00000000

                      Basis "ao basis" -> "" (cartesian)
                      -----
  na (Sodium)
  -----------
            Exponent  Coefficients 
       -------------- ---------------------------------------------------------
  1 S  9.99320000E+03  0.001938
  1 S  1.49989000E+03  0.014807
  1 S  3.41951000E+02  0.072706
  1 S  9.46797000E+01  0.252629
  1 S  2.97345000E+01  0.493242
  1 S  1.00063000E+01  0.313169

  2 S  1.50963000E+02 -0.003542
  2 S  3.55878000E+01 -0.043959
  2 S  1.11683000E+01 -0.109752
  2 S  3.90201000E+00  0.187398
  2 S  1.38177000E+00  0.646699
  2 S  4.66382000E-01  0.306058

  3 P  1.50963000E+02  0.005002
  3 P  3.55878000E+01  0.035511
  3 P  1.11683000E+01  0.142825
  3 P  3.90201000E+00  0.338620
  3 P  1.38177000E+00  0.451579
  3 P  4.66382000E-01  0.273271

  4 S  4.97966000E-01 -0.248503
  4 S  8.43530000E-02 -0.131704
  4 S  6.66350000E-02  1.233520

  5 P  4.97966000E-01 -0.023023
  5 P  8.43530000E-02  0.950359
  5 P  6.66350000E-02  0.059858

  6 S  2.59544000E-02  1.000000

  7 P  2.59544000E-02  1.000000

  8 D  1.75000000E-01  1.000000



 Summary of "ao basis" -> "" (cartesian)
 ------------------------------------------------------------------------------
       Tag                 Description            Shells   Functions and Types
 ---------------- ------------------------------  ------  ---------------------
 na                          6-31g*                  8       19   4s3p1d



 solvent parameters
 solvname_short: h2o     
 solvname_long:  water                              
 dielec:       78.4000
 dielecinf:     1.7769

          ---------------
          -cosmo- solvent
          ---------------
 Cosmo: York-Karplus, doi: 10.1021/jp992097l
 dielectric constant -eps-     =  78.40
 screen = (eps-1)/(eps    )    =   0.98724
 surface charge correction     = lagrangian

 solvent accessible surface
 --------------------------

 ---------- ATOMIC COORDINATES (A.U.) ------------ VDWR(ANG.) --
     1    0.00000000    0.00000000    0.00000000     1.755
 number of segments per atom =         32
 number of   points per atom =         32
 atom (   nspa,  nppa )
 ----------------------
    1 (     32,     0 )       0
 number of -cosmo- surface points =       32
 molecular surface =     38.705 angstrom**2
 molecular volume  =     22.642 angstrom**3
 G(cav/disp)       =      1.054 kcal/mol
 -lineq- algorithm             =   0
 -bem- low  level              =   2
 -bem- from -octahedral-
 gaussian surface charge width =   4.50000
 degree of switching           =   1.00000
 switching function tolerance  =   0.00010
 atomic radii = 
 --------------
    1 11.000  1.755
 ...... end of -cosmo- initialization ......


                                 NWChem SCF Module
                                 -----------------


                                        Na+



  ao basis        = "ao basis"
  functions       =    19
  atoms           =     1
  closed shells   =     5
  open shells     =     0
  charge          =   1.00
  wavefunction    = RHF 
  input vectors   = atomic
  output vectors  = ./cosmo_na_dat.movecs
  use symmetry    = F
  symmetry adapt  = F


 Summary of "ao basis" -> "ao basis" (cartesian)
 ------------------------------------------------------------------------------
       Tag                 Description            Shells   Functions and Types
 ---------------- ------------------------------  ------  ---------------------
 na                          6-31g*                  8       19   4s3p1d



 Forming initial guess at       0.1s


      Superposition of Atomic Density Guess
      -------------------------------------

 Sum of atomic energies:        -161.84139203

 Renormalizing density from      11.00 to     10

      Non-variational initial energy
      ------------------------------

 Total energy =    -152.531239
 1-e energy   =    -207.048349
 2-e energy   =      54.517110
 HOMO         =      -2.550013
 LUMO         =      -0.357699


 Starting SCF solution at       0.2s



 ----------------------------------------------
         Quadratically convergent ROHF

 Convergence threshold     :          1.000E-04
 Maximum no. of iterations :           30
 Final Fock-matrix accuracy:          1.000E-07
 ----------------------------------------------

     COSMO gas phase

 #quartets = 6.660D+02 #integrals = 3.754D+03 #direct =  0.0% #cached =100.0%


 Integral file          = ./cosmo_na_dat.aoints.0
 Record size in doubles =  65536        No. of integs per rec  =  43688
 Max. records in memory =      3        Max. records in file   = 120030
 No. of bits per label  =      8        No. of bits per value  =     64


File balance: exchanges=     0  moved=     0  time=   0.0


              iter       energy          gnorm     gmax       time
             ----- ------------------- --------- --------- --------
                 1     -161.6427062967  4.80D-01  2.07D-01      0.2
                 2     -161.6591185609  4.89D-02  1.87D-02      0.3
                 3     -161.6592883161  8.44D-04  3.24D-04      0.3
                 4     -161.6592883669  9.05D-07  5.75D-07      0.3
     COSMO solvation phase
 Alternative 1
 -atmefc- energy =      -3.274474614338
 -elcefc- energy =       2.976774772705
 -efcefc- energy =       0.147649262952
 -lambda- energy =      -0.001200657864
 -solnrg- energy =      -0.150050578681
 -allefc- energy =      -0.297699841633     -0.295298525904
 -ecos  - energy =      -3.126825351386
 Alternative 2
 -atmefc- energy =      -3.274474614338
 -elcefc- energy =       2.976774772705
 -allefc- energy =      -0.297699841633
 -solnrg- energy =      -0.148849920817
 -ecos  - energy =      -3.126825351386

              iter       energy          gnorm     gmax       time
             ----- ------------------- --------- --------- --------
                 1     -161.8093389455  2.35D-03  1.21D-03      0.3
 Alternative 1
 -atmefc- energy =      -3.274474614338
 -elcefc- energy =       2.976773828712
 -efcefc- energy =       0.147649262952
 -lambda- energy =      -0.001201129861
 -solnrg- energy =      -0.150051522674
 -allefc- energy =      -0.297700785626     -0.295298525904
 -ecos  - energy =      -3.126825351386
 Alternative 2
 -atmefc- energy =      -3.274474614338
 -elcefc- energy =       2.976773828712
 -allefc- energy =      -0.297700785626
 -solnrg- energy =      -0.148850392813
 -ecos  - energy =      -3.126825351386
                 2     -161.8093394065  2.10D-06  1.22D-06      0.3
 
                  COSMO solvation results
                  -----------------------
 
                 gas phase energy =      -161.6592883669
                 sol phase energy =      -161.8093394065
 (electrostatic) solvation energy =         0.1500510396 (   94.16 kcal/mol)


       Final RHF  results 
       ------------------ 

         Total SCF energy =   -161.809339406455
      One-electron energy =   -221.768241318703
      Two-electron energy =     63.085727263634
 Nuclear repulsion energy =      0.000000000000
             COSMO energy =     -3.126825351386

        Time for solution =      0.2s


             Final eigenvalues
             -----------------

              1      
    1  -40.4830
    2   -2.7871
    3   -1.5094
    4   -1.5094
    5   -1.5094
    6    0.0305
    7    0.0580
    8    0.0580
    9    0.0580
   10    0.1573
   11    0.2557
   12    0.2557
   13    0.2557
   14    0.5204
   15    0.5204

                       ROHF Final Molecular Orbital Analysis
                       -------------------------------------

 Vector    2  Occ=2.000000D+00  E=-2.787102D+00
              MO Center= -1.7D-17,  8.6D-18, -6.2D-18, r^2= 2.1D-01
   Bfn.  Coefficient  Atom+Function         Bfn.  Coefficient  Atom+Function  
  ----- ------------  ---------------      ----- ------------  ---------------
     2      1.028271  1 Na s                  1     -0.245818  1 Na s          

 Vector    3  Occ=2.000000D+00  E=-1.509446D+00
              MO Center=  6.3D-18, -2.2D-17,  9.3D-19, r^2= 2.3D-01
   Bfn.  Coefficient  Atom+Function         Bfn.  Coefficient  Atom+Function  
  ----- ------------  ---------------      ----- ------------  ---------------
     5      0.771337  1 Na pz                 4      0.624058  1 Na py         

 Vector    4  Occ=2.000000D+00  E=-1.509446D+00
              MO Center= -4.6D-17,  2.7D-17,  4.2D-17, r^2= 2.3D-01
   Bfn.  Coefficient  Atom+Function         Bfn.  Coefficient  Atom+Function  
  ----- ------------  ---------------      ----- ------------  ---------------
     4      0.725526  1 Na py                 5     -0.519800  1 Na pz         
     3      0.448534  1 Na px         

 Vector    5  Occ=2.000000D+00  E=-1.509446D+00
              MO Center= -1.3D-17,  3.5D-18, -1.7D-17, r^2= 2.3D-01
   Bfn.  Coefficient  Atom+Function         Bfn.  Coefficient  Atom+Function  
  ----- ------------  ---------------      ----- ------------  ---------------
     3      0.885001  1 Na px                 5      0.364157  1 Na pz         
     4     -0.286226  1 Na py         

 Vector    6  Occ=0.000000D+00  E= 3.051388D-02
              MO Center=  6.5D-16,  1.1D-15, -6.3D-16, r^2= 1.1D+01
   Bfn.  Coefficient  Atom+Function         Bfn.  Coefficient  Atom+Function  
  ----- ------------  ---------------      ----- ------------  ---------------
    10      1.583403  1 Na s                  6     -1.057817  1 Na s          
     2     -0.210845  1 Na s                 14      0.204996  1 Na dxx        
    17      0.204996  1 Na dyy               19      0.204996  1 Na dzz        

 Vector    7  Occ=0.000000D+00  E= 5.804728D-02
              MO Center= -4.8D-16,  4.9D-17,  2.3D-17, r^2= 1.5D+01
   Bfn.  Coefficient  Atom+Function         Bfn.  Coefficient  Atom+Function  
  ----- ------------  ---------------      ----- ------------  ---------------
    11      1.103029  1 Na px                 7     -0.180180  1 Na px         

 Vector    8  Occ=0.000000D+00  E= 5.804728D-02
              MO Center= -2.2D-16, -1.6D-15, -2.7D-16, r^2= 1.5D+01
   Bfn.  Coefficient  Atom+Function         Bfn.  Coefficient  Atom+Function  
  ----- ------------  ---------------      ----- ------------  ---------------
    12      1.093602  1 Na py                 8     -0.178640  1 Na py         
    13      0.161235  1 Na pz         

 Vector    9  Occ=0.000000D+00  E= 5.804728D-02
              MO Center= -1.1D-16, -1.8D-16,  1.4D-15, r^2= 1.5D+01
   Bfn.  Coefficient  Atom+Function         Bfn.  Coefficient  Atom+Function  
  ----- ------------  ---------------      ----- ------------  ---------------
    13      1.100790  1 Na pz                 9     -0.179814  1 Na pz         
    12     -0.153238  1 Na py         

 Vector   10  Occ=0.000000D+00  E= 1.573475D-01
              MO Center=  7.9D-17, -2.9D-15, -6.4D-16, r^2= 1.1D+01
   Bfn.  Coefficient  Atom+Function         Bfn.  Coefficient  Atom+Function  
  ----- ------------  ---------------      ----- ------------  ---------------
     6      4.222902  1 Na s                 10     -2.228397  1 Na s          
    14     -0.757796  1 Na dxx               17     -0.757796  1 Na dyy        
    19     -0.757796  1 Na dzz        

 Vector   11  Occ=0.000000D+00  E= 2.556728D-01
              MO Center= -3.1D-16, -5.1D-16,  2.0D-15, r^2= 6.8D+00
   Bfn.  Coefficient  Atom+Function         Bfn.  Coefficient  Atom+Function  
  ----- ------------  ---------------      ----- ------------  ---------------
     9      1.320286  1 Na pz                13     -0.749722  1 Na pz         
     8      0.284786  1 Na py                 7     -0.216506  1 Na px         
     5     -0.208283  1 Na pz                12     -0.161715  1 Na py         

 Vector   12  Occ=0.000000D+00  E= 2.556728D-01
              MO Center= -2.8D-16,  4.0D-16, -1.2D-15, r^2= 6.8D+00
   Bfn.  Coefficient  Atom+Function         Bfn.  Coefficient  Atom+Function  
  ----- ------------  ---------------      ----- ------------  ---------------
     8      1.082791  1 Na py                 7     -0.755590  1 Na px         
    12     -0.614861  1 Na py                11      0.429060  1 Na px         
     9     -0.357463  1 Na pz                13      0.202985  1 Na pz         
     4     -0.170817  1 Na py         

 Vector   13  Occ=0.000000D+00  E= 2.556728D-01
              MO Center=  1.8D-16,  1.1D-15,  7.5D-17, r^2= 6.8D+00
   Bfn.  Coefficient  Atom+Function         Bfn.  Coefficient  Atom+Function  
  ----- ------------  ---------------      ----- ------------  ---------------
     7      1.119528  1 Na px                 8      0.785871  1 Na py         
    11     -0.635722  1 Na px                12     -0.446256  1 Na py         
     3     -0.176612  1 Na px         

 Vector   14  Occ=0.000000D+00  E= 5.204063D-01
              MO Center=  2.0D-16, -1.0D-16, -4.0D-16, r^2= 2.8D+00
   Bfn.  Coefficient  Atom+Function         Bfn.  Coefficient  Atom+Function  
  ----- ------------  ---------------      ----- ------------  ---------------
    16      1.697063  1 Na dxz               15      0.342878  1 Na dxy        

 Vector   15  Occ=0.000000D+00  E= 5.204063D-01
              MO Center= -8.1D-17,  8.2D-16,  2.3D-15, r^2= 2.8D+00
   Bfn.  Coefficient  Atom+Function         Bfn.  Coefficient  Atom+Function  
  ----- ------------  ---------------      ----- ------------  ---------------
    18      1.728549  1 Na dyz        


 center of mass
 --------------
 x =   0.00000000 y =   0.00000000 z =   0.00000000

 moments of inertia (a.u.)
 ------------------
           0.000000000000           0.000000000000           0.000000000000
           0.000000000000           0.000000000000           0.000000000000
           0.000000000000           0.000000000000           0.000000000000

  Mulliken analysis of the total density
  --------------------------------------

    Atom       Charge   Shell Charges
 -----------   ------   -------------------------------------------------------
    1 Na  11    10.00   2.00  2.00  5.99  0.00  0.01  0.00 -0.00 -0.00

       Multipole analysis of the density wrt the origin
       ------------------------------------------------

     L   x y z        total         open         nuclear
     -   - - -        -----         ----         -------
     0   0 0 0      1.000000      0.000000     11.000000

     1   1 0 0      0.000000      0.000000      0.000000
     1   0 1 0     -0.000000      0.000000      0.000000
     1   0 0 1     -0.000000      0.000000      0.000000

     2   2 0 0     -2.153342      0.000000      0.000000
     2   1 1 0      0.000000      0.000000      0.000000
     2   1 0 1     -0.000000      0.000000      0.000000
     2   0 2 0     -2.153342      0.000000      0.000000
     2   0 1 1     -0.000000      0.000000      0.000000
     2   0 0 2     -2.153342      0.000000      0.000000


 Parallel integral file used       4 records with       0 large values


 Task  times  cpu:        0.3s     wall:        0.3s


                                NWChem Input Module
                                -------------------


 Summary of allocated global arrays
-----------------------------------
  No active global arrays



                         GA Statistics for process    0
                         ------------------------------

       create   destroy   get      put      acc     scatter   gather  read&inc
calls:  202      202      925      547      740        0        0       28     
number of processes/call 1.82e+13 -8.30e+15 1.45e+13 0.00e+00 0.00e+00
bytes total:             7.29e+05 4.31e+05 1.12e+05 0.00e+00 0.00e+00 2.24e+02
bytes remote:            1.63e+04 1.65e+04 4.58e+03 0.00e+00 0.00e+00 0.00e+00
Max memory consumed for GA by this process: 32208 bytes

MA_summarize_allocated_blocks: starting scan ...
MA_summarize_allocated_blocks: scan completed: 0 heap blocks, 0 stack blocks
MA usage statistics:

	allocation statistics:
					      heap	     stack
					      ----	     -----
	current number of blocks	         0	         0
	maximum number of blocks	        21	        25
	current total bytes		         0	         0
	maximum total bytes		   1589880	  22509416
	maximum total K-bytes		      1590	     22510
	maximum total M-bytes		         2	        23


                                     CITATION
                                     --------
                Please cite the following reference when publishing
                           results obtained with NWChem:

          E. Apra, E. J. Bylaska, W. A. de Jong, N. Govind, K. Kowalski,
       T. P. Straatsma, M. Valiev, H. J. J. van Dam, Y. Alexeev, J. Anchell,
       V. Anisimov, F. W. Aquino, R. Atta-Fynn, J. Autschbach, N. P. Bauman,
     J. C. Becca, D. E. Bernholdt, K. Bhaskaran-Nair, S. Bogatko, P. Borowski,
         J. Boschen, J. Brabec, A. Bruner, E. Cauet, Y. Chen, G. N. Chuev,
      C. J. Cramer, J. Daily, M. J. O. Deegan, T. H. Dunning Jr., M. Dupuis,
   K. G. Dyall, G. I. Fann, S. A. Fischer, A. Fonari, H. Fruchtl, L. Gagliardi,
      J. Garza, N. Gawande, S. Ghosh, K. Glaesemann, A. W. Gotz, J. Hammond,
       V. Helms, E. D. Hermes, K. Hirao, S. Hirata, M. Jacquelin, L. Jensen,
   B. G. Johnson, H. Jonsson, R. A. Kendall, M. Klemm, R. Kobayashi, V. Konkov,
      S. Krishnamoorthy, M. Krishnan, Z. Lin, R. D. Lins, R. J. Littlefield,
      A. J. Logsdail, K. Lopata, W. Ma, A. V. Marenich, J. Martin del Campo,
   D. Mejia-Rodriguez, J. E. Moore, J. M. Mullin, T. Nakajima, D. R. Nascimento,
    J. A. Nichols, P. J. Nichols, J. Nieplocha, A. Otero-de-la-Roza, B. Palmer,
    A. Panyala, T. Pirojsirikul, B. Peng, R. Peverati, J. Pittner, L. Pollack,
   R. M. Richard, P. Sadayappan, G. C. Schatz, W. A. Shelton, D. W. Silverstein,
   D. M. A. Smith, T. A. Soares, D. Song, M. Swart, H. L. Taylor, G. S. Thomas,
            V. Tipparaju, D. G. Truhlar, K. Tsemekhman, T. Van Voorhis,
      A. Vazquez-Mayagoitia, P. Verma, O. Villa, A. Vishnu, K. D. Vogiatzis,
        D. Wang, J. H. Weare, M. J. Williamson, T. L. Windus, K. Wolinski,
        A. T. Wong, Q. Wu, C. Yang, Q. Yu, M. Zacharias, Z. Zhang, Y. Zhao,
                                and R. J. Harrison
                        "NWChem: Past, present, and future
                         J. Chem. Phys. 152, 184102 (2020)
                               doi:10.1063/5.0004997

                                      AUTHORS
                                      -------
     E. Apra, E. J. Bylaska, N. Govind, K. Kowalski, M. Valiev, W. A. de Jong,
      T. P. Straatsma, H. J. J. van Dam, D. Wang, T. L. Windus, N. P. Bauman,
       A. Panyala, J. Hammond, J. Autschbach, K. Bhaskaran-Nair, J. Brabec,
    K. Lopata, S. A. Fischer, S. Krishnamoorthy, M. Jacquelin, W. Ma, M. Klemm,
       O. Villa, Y. Chen, V. Anisimov, F. Aquino, S. Hirata, M. T. Hackler,
           Eric Hermes, L. Jensen, J. E. Moore, J. C. Becca, V. Konjkov,
            D. Mejia-Rodriguez, T. Risthaus, M. Malagoli, A. Marenich,
   A. Otero-de-la-Roza, J. Mullin, P. Nichols, R. Peverati, J. Pittner, Y. Zhao,
        P.-D. Fan, A. Fonari, M. J. Williamson, R. J. Harrison, J. R. Rehr,
      M. Dupuis, D. Silverstein, D. M. A. Smith, J. Nieplocha, V. Tipparaju,
      M. Krishnan, B. E. Van Kuiken, A. Vazquez-Mayagoitia, M. Swart, Q. Wu,
   T. Van Voorhis, A. A. Auer, M. Nooijen, L. D. Crosby, E. Brown, G. Cisneros,
     G. I. Fann, H. Fruchtl, J. Garza, K. Hirao, R. A. Kendall, J. A. Nichols,
       K. Tsemekhman, K. Wolinski, J. Anchell, D. E. Bernholdt, P. Borowski,
       T. Clark, D. Clerc, H. Dachsel, M. J. O. Deegan, K. Dyall, D. Elwood,
      E. Glendening, M. Gutowski, A. C. Hess, J. Jaffe, B. G. Johnson, J. Ju,
        R. Kobayashi, R. Kutteh, Z. Lin, R. Littlefield, X. Long, B. Meng,
      T. Nakajima, S. Niu, L. Pollack, M. Rosing, K. Glaesemann, G. Sandrone,
      M. Stave, H. Taylor, G. Thomas, J. H. van Lenthe, A. T. Wong, Z. Zhang.

 Total times  cpu:        0.4s     wall:        0.4s
