 argument  1 = ./cosmo_cl.nw



============================== echo of input deck ==============================
start cosmo_cl_dat
echo
title "Cl-"
geometry
  cl 0.0 0.0 0.0
end
charge -1
basis
  cl library 6-311+g*
end
cosmo
end
scf
  print cosmo_energies
end
task scf energy
================================================================================


                                         
                                         


             Northwest Computational Chemistry Package (NWChem) 7.0.1
             --------------------------------------------------------


                    Environmental Molecular Sciences Laboratory
                       Pacific Northwest National Laboratory
                                Richland, WA 99352

                              Copyright (c) 1994-2020
                       Pacific Northwest National Laboratory
                            Battelle Memorial Institute

             NWChem is an open-source computational chemistry package
                        distributed under the terms of the
                      Educational Community License (ECL) 2.0
             A copy of the license is included with this distribution
                              in the LICENSE.TXT file

                                  ACKNOWLEDGMENT
                                  --------------

            This software and its documentation were developed at the
            EMSL at Pacific Northwest National Laboratory, a multiprogram
            national laboratory, operated for the U.S. Department of Energy
            by Battelle under Contract Number DE-AC05-76RL01830. Support
            for this work was provided by the Department of Energy Office
            of Biological and Environmental Research, Office of Basic
            Energy Sciences, and the Office of Advanced Scientific Computing.


           Job information
           ---------------

    hostname        = WE41476
    program         = nwchem
    date            = Thu Nov 11 13:56:05 2021

    compiled        = Thu_Nov_11_13:51:38_2021
    source          = /Users/meji656/Sources/nwchem
    nwchem branch   = 7.0.0
    nwchem revision = nwchem_on_git-3012-g75ff49f32d
    ga revision     = 5.8.0
    use scalapack   = F
    input           = ./cosmo_cl.nw
    prefix          = cosmo_cl_dat.
    data base       = ./cosmo_cl_dat.db
    status          = startup
    nproc           =        4
    time left       =     -1s



           Memory information
           ------------------

    heap     =   13107196 doubles =    100.0 Mbytes
    stack    =   13107201 doubles =    100.0 Mbytes
    global   =   26214400 doubles =    200.0 Mbytes (distinct from heap & stack)
    total    =   52428797 doubles =    400.0 Mbytes
    verify   = yes
    hardfail = no 


           Directory information
           ---------------------

  0 permanent = .
  0 scratch   = .




                                NWChem Input Module
                                -------------------


                                        Cl-
                                        ---

 Scaling coordinates for geometry "geometry" by  1.889725989
 (inverse scale =  0.529177249)



                             Geometry "geometry" -> ""
                             -------------------------

 Output coordinates in angstroms (scale by  1.889725989 to convert to a.u.)

  No.       Tag          Charge          X              Y              Z
 ---- ---------------- ---------- -------------- -------------- --------------
    1 cl                  17.0000     0.00000000     0.00000000     0.00000000

      Atomic Mass 
      ----------- 

      cl                34.968850


 Effective nuclear repulsion energy (a.u.)       0.0000000000

            Nuclear Dipole moment (a.u.) 
            ----------------------------
        X                 Y               Z
 ---------------- ---------------- ----------------
     0.0000000000     0.0000000000     0.0000000000


            XYZ format geometry
            -------------------
     1
 geometry
 cl                    0.00000000     0.00000000     0.00000000

                      Basis "ao basis" -> "" (cartesian)
                      -----
  cl (Chlorine)
  -------------
            Exponent  Coefficients 
       -------------- ---------------------------------------------------------
  1 S  1.05819000E+05  0.000738
  1 S  1.58720000E+04  0.005718
  1 S  3.61965000E+03  0.029495
  1 S  1.03080000E+03  0.117286
  1 S  3.39908000E+02  0.362949
  1 S  1.24538000E+02  0.584149

  2 S  1.24538000E+02  0.134177
  2 S  4.95135000E+01  0.624250
  2 S  2.08056000E+01  0.291756

  3 S  6.58346000E+00  1.000000

  4 S  2.56468000E+00  1.000000

  5 S  5.59763000E-01  1.000000

  6 S  1.83273000E-01  1.000000

  7 P  5.89776000E+02  0.002391
  7 P  1.39849000E+02  0.018504
  7 P  4.51413000E+01  0.081377
  7 P  1.68733000E+01  0.221552
  7 P  6.74110000E+00  0.772569

  8 P  6.74110000E+00 -1.572244
  8 P  2.77152000E+00  0.992389

  9 P  1.02387000E+00  1.000000

 10 P  3.81368000E-01  1.000000

 11 P  1.09437000E-01  1.000000

 12 S  4.83000000E-02  1.000000

 13 P  4.83000000E-02  1.000000

 14 D  7.50000000E-01  1.000000



 Summary of "ao basis" -> "" (cartesian)
 ------------------------------------------------------------------------------
       Tag                 Description            Shells   Functions and Types
 ---------------- ------------------------------  ------  ---------------------
 cl                         6-311+g*                14       31   7s6p1d



 solvent parameters
 solvname_short: h2o     
 solvname_long:  water                              
 dielec:       78.4000
 dielecinf:     1.7769

          ---------------
          -cosmo- solvent
          ---------------
 Cosmo: York-Karplus, doi: 10.1021/jp992097l
 dielectric constant -eps-     =  78.40
 screen = (eps-1)/(eps    )    =   0.98724
 surface charge correction     = lagrangian

 solvent accessible surface
 --------------------------

 ---------- ATOMIC COORDINATES (A.U.) ------------ VDWR(ANG.) --
     1    0.00000000    0.00000000    0.00000000     2.050
 number of segments per atom =         32
 number of   points per atom =         32
 atom (   nspa,  nppa )
 ----------------------
    1 (     32,     0 )       0
 number of -cosmo- surface points =       32
 molecular surface =     52.810 angstrom**2
 molecular volume  =     36.087 angstrom**3
 G(cav/disp)       =      1.124 kcal/mol
 -lineq- algorithm             =   0
 -bem- low  level              =   2
 -bem- from -octahedral-
 gaussian surface charge width =   4.50000
 degree of switching           =   1.00000
 switching function tolerance  =   0.00010
 atomic radii = 
 --------------
    1 17.000  2.050
 ...... end of -cosmo- initialization ......


                                 NWChem SCF Module
                                 -----------------


                                        Cl-



  ao basis        = "ao basis"
  functions       =    31
  atoms           =     1
  closed shells   =     9
  open shells     =     0
  charge          =  -1.00
  wavefunction    = RHF 
  input vectors   = atomic
  output vectors  = ./cosmo_cl_dat.movecs
  use symmetry    = F
  symmetry adapt  = F


 Summary of "ao basis" -> "ao basis" (cartesian)
 ------------------------------------------------------------------------------
       Tag                 Description            Shells   Functions and Types
 ---------------- ------------------------------  ------  ---------------------
 cl                         6-311+g*                14       31   7s6p1d



 Forming initial guess at       0.1s


      Superposition of Atomic Density Guess
      -------------------------------------

 Sum of atomic energies:        -459.47804774

 Renormalizing density from      17.00 to     18

      Non-variational initial energy
      ------------------------------

 Total energy =    -475.352365
 1-e energy   =    -672.202919
 2-e energy   =     196.850554
 HOMO         =       0.093348
 LUMO         =       0.318290


 Starting SCF solution at       0.1s



 ----------------------------------------------
         Quadratically convergent ROHF

 Convergence threshold     :          1.000E-04
 Maximum no. of iterations :           30
 Final Fock-matrix accuracy:          1.000E-07
 ----------------------------------------------

     COSMO gas phase

 #quartets = 5.565D+03 #integrals = 2.126D+04 #direct =  0.0% #cached =100.0%


 Integral file          = ./cosmo_cl_dat.aoints.0
 Record size in doubles =  65536        No. of integs per rec  =  43688
 Max. records in memory =      3        Max. records in file   = 120111
 No. of bits per label  =      8        No. of bits per value  =     64


File balance: exchanges=     0  moved=     0  time=   0.0


              iter       energy          gnorm     gmax       time
             ----- ------------------- --------- --------- --------
                 1     -459.2135288324  3.61D+00  1.13D+00      0.2
                 2     -459.5306927631  5.67D-01  2.20D-01      0.2
                 3     -459.5630992276  2.26D-01  8.23D-02      0.2
                 4     -459.5656176851  7.83D-03  3.92D-03      0.2
                 5     -459.5656216432  5.55D-05  1.83D-05      0.2
     COSMO solvation phase
 Alternative 1
 -atmefc- energy =       4.332326036618
 -elcefc- energy =      -4.574395453711
 -efcefc- energy =       0.126402176490
 -lambda- energy =       0.005367467944
 -solnrg- energy =      -0.115667240603
 -allefc- energy =      -0.242069417092     -0.252804352980
 -ecos  - energy =       4.458728213108
 Alternative 2
 -atmefc- energy =       4.332326036618
 -elcefc- energy =      -4.574395453711
 -allefc- energy =      -0.242069417092
 -solnrg- energy =      -0.121034708546
 -ecos  - energy =       4.458728213108

              iter       energy          gnorm     gmax       time
             ----- ------------------- --------- --------- --------
                 1     -459.6812888838  6.99D-02  3.12D-02      0.2
 Alternative 1
 -atmefc- energy =       4.332326036618
 -elcefc- energy =      -4.576905762557
 -efcefc- energy =       0.126402176490
 -lambda- energy =       0.004112313521
 -solnrg- energy =      -0.118177549449
 -allefc- energy =      -0.244579725938     -0.252804352980
 -ecos  - energy =       4.458728213108
 Alternative 2
 -atmefc- energy =       4.332326036618
 -elcefc- energy =      -4.576905762557
 -allefc- energy =      -0.244579725938
 -solnrg- energy =      -0.122289862969
 -ecos  - energy =       4.458728213108
                 2     -459.6827088725  2.80D-03  1.23D-03      0.3
 Alternative 1
 -atmefc- energy =       4.332326036618
 -elcefc- energy =      -4.576973557000
 -efcefc- energy =       0.126402176490
 -lambda- energy =       0.004078416299
 -solnrg- energy =      -0.118245343892
 -allefc- energy =      -0.244647520382     -0.252804352980
 -ecos  - energy =       4.458728213108
 Alternative 2
 -atmefc- energy =       4.332326036618
 -elcefc- energy =      -4.576973557000
 -allefc- energy =      -0.244647520382
 -solnrg- energy =      -0.122323760191
 -ecos  - energy =       4.458728213108
                 3     -459.6827102857  3.03D-06  1.42D-06      0.3
 
                  COSMO solvation results
                  -----------------------
 
                 gas phase energy =      -459.5656216432
                 sol phase energy =      -459.6827102857
 (electrostatic) solvation energy =         0.1170886426 (   73.47 kcal/mol)


       Final RHF  results 
       ------------------ 

         Total SCF energy =   -459.682710285727
      One-electron energy =   -645.955275737318
      Two-electron energy =    181.813837238484
 Nuclear repulsion energy =      0.000000000000
             COSMO energy =      4.458728213108

        Time for solution =      0.2s


             Final eigenvalues
             -----------------

              1      
    1 -104.7408
    2  -10.4662
    3   -7.9333
    4   -7.9333
    5   -7.9333
    6   -0.9757
    7   -0.3938
    8   -0.3938
    9   -0.3938
   10    0.1104
   11    0.1276
   12    0.1276
   13    0.1276
   14    0.6248
   15    0.6248
   16    0.6248
   17    0.9562
   18    1.2286
   19    1.2286

                       ROHF Final Molecular Orbital Analysis
                       -------------------------------------

 Vector    2  Occ=2.000000D+00  E=-1.046620D+01
              MO Center=  3.9D-19, -2.4D-17,  4.8D-17, r^2= 6.5D-02
   Bfn.  Coefficient  Atom+Function         Bfn.  Coefficient  Atom+Function  
  ----- ------------  ---------------      ----- ------------  ---------------
     4      0.598500  1 Cl s                  3      0.513984  1 Cl s          
     2     -0.331695  1 Cl s          

 Vector    3  Occ=2.000000D+00  E=-7.933253D+00
              MO Center=  2.4D-18,  1.5D-17, -6.5D-18, r^2= 5.7D-02
   Bfn.  Coefficient  Atom+Function         Bfn.  Coefficient  Atom+Function  
  ----- ------------  ---------------      ----- ------------  ---------------
     8      1.230821  1 Cl py                11      0.327191  1 Cl py         

 Vector    4  Occ=2.000000D+00  E=-7.933253D+00
              MO Center= -1.1D-17, -8.0D-18,  1.8D-17, r^2= 5.7D-02
   Bfn.  Coefficient  Atom+Function         Bfn.  Coefficient  Atom+Function  
  ----- ------------  ---------------      ----- ------------  ---------------
     9     -0.890313  1 Cl pz                 7      0.850036  1 Cl px         
    12     -0.236674  1 Cl pz                10      0.225967  1 Cl px         

 Vector    5  Occ=2.000000D+00  E=-7.933253D+00
              MO Center= -3.7D-17,  4.0D-18, -3.4D-17, r^2= 5.7D-02
   Bfn.  Coefficient  Atom+Function         Bfn.  Coefficient  Atom+Function  
  ----- ------------  ---------------      ----- ------------  ---------------
     7      0.890365  1 Cl px                 9      0.849875  1 Cl pz         
    10      0.236687  1 Cl px                12      0.225924  1 Cl pz         

 Vector    6  Occ=2.000000D+00  E=-9.757438D-01
              MO Center= -3.7D-17,  4.4D-16, -6.6D-16, r^2= 8.5D-01
   Bfn.  Coefficient  Atom+Function         Bfn.  Coefficient  Atom+Function  
  ----- ------------  ---------------      ----- ------------  ---------------
     6      0.583905  1 Cl s                  5      0.580248  1 Cl s          
     4     -0.395070  1 Cl s                  3     -0.210150  1 Cl s          

 Vector    7  Occ=2.000000D+00  E=-3.937679D-01
              MO Center=  2.0D-15, -9.5D-16,  2.2D-16, r^2= 1.4D+00
   Bfn.  Coefficient  Atom+Function         Bfn.  Coefficient  Atom+Function  
  ----- ------------  ---------------      ----- ------------  ---------------
    16      0.481127  1 Cl px                19      0.372763  1 Cl px         
     7     -0.282724  1 Cl px                17     -0.249464  1 Cl py         
    13      0.202564  1 Cl px                20     -0.193278  1 Cl py         

 Vector    8  Occ=2.000000D+00  E=-3.937679D-01
              MO Center=  7.5D-16,  2.1D-15,  3.6D-15, r^2= 1.4D+00
   Bfn.  Coefficient  Atom+Function         Bfn.  Coefficient  Atom+Function  
  ----- ------------  ---------------      ----- ------------  ---------------
    18      0.471134  1 Cl pz                21      0.365021  1 Cl pz         
     9     -0.276852  1 Cl pz                17      0.248272  1 Cl py         
    15      0.198356  1 Cl pz                20      0.192354  1 Cl py         

 Vector    9  Occ=2.000000D+00  E=-3.937679D-01
              MO Center= -4.0D-15, -7.5D-15,  4.7D-15, r^2= 1.4D+00
   Bfn.  Coefficient  Atom+Function         Bfn.  Coefficient  Atom+Function  
  ----- ------------  ---------------      ----- ------------  ---------------
    17      0.412911  1 Cl py                20      0.319912  1 Cl py         
    18     -0.267859  1 Cl pz                 8     -0.242638  1 Cl py         
    16      0.228304  1 Cl px                21     -0.207529  1 Cl pz         
    19      0.176883  1 Cl px                14      0.173843  1 Cl py         
     9      0.157401  1 Cl pz         

 Vector   10  Occ=0.000000D+00  E= 1.103639D-01
              MO Center=  1.2D-14,  5.9D-14, -7.8D-14, r^2= 6.8D+00
   Bfn.  Coefficient  Atom+Function         Bfn.  Coefficient  Atom+Function  
  ----- ------------  ---------------      ----- ------------  ---------------
    22      1.498176  1 Cl s                  6     -1.086339  1 Cl s          
     4      0.180813  1 Cl s                  5     -0.161322  1 Cl s          

 Vector   11  Occ=0.000000D+00  E= 1.276027D-01
              MO Center=  1.5D-14, -1.8D-14, -3.5D-15, r^2= 1.0D+01
   Bfn.  Coefficient  Atom+Function         Bfn.  Coefficient  Atom+Function  
  ----- ------------  ---------------      ----- ------------  ---------------
    24      1.209288  1 Cl py                23     -0.964094  1 Cl px         
    20     -0.692182  1 Cl py                19      0.551836  1 Cl px         
    25      0.243801  1 Cl pz         

 Vector   12  Occ=0.000000D+00  E= 1.276027D-01
              MO Center= -3.8D-14, -4.2D-14,  5.8D-14, r^2= 1.0D+01
   Bfn.  Coefficient  Atom+Function         Bfn.  Coefficient  Atom+Function  
  ----- ------------  ---------------      ----- ------------  ---------------
    25      1.118365  1 Cl pz                24     -0.811988  1 Cl py         
    23     -0.735684  1 Cl px                21     -0.640138  1 Cl pz         
    20      0.464772  1 Cl py                19      0.421096  1 Cl px         

 Vector   13  Occ=0.000000D+00  E= 1.276027D-01
              MO Center=  1.5D-14,  8.8D-15,  1.6D-14, r^2= 1.0D+01
   Bfn.  Coefficient  Atom+Function         Bfn.  Coefficient  Atom+Function  
  ----- ------------  ---------------      ----- ------------  ---------------
    25      1.068230  1 Cl pz                23      0.990245  1 Cl px         
    21     -0.611442  1 Cl pz                24      0.574101  1 Cl py         
    19     -0.566804  1 Cl px                20     -0.328609  1 Cl py         

 Vector   14  Occ=0.000000D+00  E= 6.248446D-01
              MO Center= -5.9D-16,  3.1D-16,  2.8D-16, r^2= 4.7D+00
   Bfn.  Coefficient  Atom+Function         Bfn.  Coefficient  Atom+Function  
  ----- ------------  ---------------      ----- ------------  ---------------
    20      1.840620  1 Cl py                19     -1.110088  1 Cl px         
    17     -1.013369  1 Cl py                24     -0.978683  1 Cl py         
    16      0.611169  1 Cl px                23      0.590249  1 Cl px         
    21     -0.359536  1 Cl pz                18      0.197946  1 Cl pz         
    25      0.191170  1 Cl pz                 8      0.173351  1 Cl py         

 Vector   15  Occ=0.000000D+00  E= 6.248446D-01
              MO Center= -2.3D-15,  5.5D-16,  7.5D-16, r^2= 4.7D+00
   Bfn.  Coefficient  Atom+Function         Bfn.  Coefficient  Atom+Function  
  ----- ------------  ---------------      ----- ------------  ---------------
    19      1.761146  1 Cl px                20      1.166723  1 Cl py         
    16     -0.969614  1 Cl px                23     -0.936426  1 Cl px         
    17     -0.642349  1 Cl py                24     -0.620363  1 Cl py         
    21      0.535321  1 Cl pz                18     -0.294725  1 Cl pz         
    25     -0.284637  1 Cl pz                 7      0.165866  1 Cl px         

 Vector   16  Occ=0.000000D+00  E= 6.248446D-01
              MO Center= -2.2D-15,  2.6D-17, -5.9D-15, r^2= 4.7D+00
   Bfn.  Coefficient  Atom+Function         Bfn.  Coefficient  Atom+Function  
  ----- ------------  ---------------      ----- ------------  ---------------
    21      2.081733  1 Cl pz                18     -1.146116  1 Cl pz         
    25     -1.106886  1 Cl pz                19     -0.644604  1 Cl px         
    16      0.354892  1 Cl px                23      0.342745  1 Cl px         
     9      0.196060  1 Cl pz         

 Vector   17  Occ=0.000000D+00  E= 9.562190D-01
              MO Center= -1.0D-15, -1.6D-15,  2.2D-16, r^2= 2.8D+00
   Bfn.  Coefficient  Atom+Function         Bfn.  Coefficient  Atom+Function  
  ----- ------------  ---------------      ----- ------------  ---------------
     6      2.918089  1 Cl s                  5     -1.208982  1 Cl s          
    22     -0.917550  1 Cl s                 26     -0.555553  1 Cl dxx        
    29     -0.555553  1 Cl dyy               31     -0.555553  1 Cl dzz        
     3      0.259392  1 Cl s          

 Vector   18  Occ=0.000000D+00  E= 1.228630D+00
              MO Center=  8.4D-17,  2.5D-16, -3.6D-16, r^2= 6.5D-01
   Bfn.  Coefficient  Atom+Function         Bfn.  Coefficient  Atom+Function  
  ----- ------------  ---------------      ----- ------------  ---------------
    29      0.976247  1 Cl dyy               31     -0.675758  1 Cl dzz        
    26     -0.300489  1 Cl dxx        

 Vector   19  Occ=0.000000D+00  E= 1.228630D+00
              MO Center=  4.2D-15, -5.7D-16,  5.1D-15, r^2= 6.5D-01
   Bfn.  Coefficient  Atom+Function         Bfn.  Coefficient  Atom+Function  
  ----- ------------  ---------------      ----- ------------  ---------------
    26      0.953785  1 Cl dxx               31     -0.737124  1 Cl dzz        
    29     -0.216661  1 Cl dyy        


 center of mass
 --------------
 x =   0.00000000 y =   0.00000000 z =   0.00000000

 moments of inertia (a.u.)
 ------------------
           0.000000000000           0.000000000000           0.000000000000
           0.000000000000           0.000000000000           0.000000000000
           0.000000000000           0.000000000000           0.000000000000

  Mulliken analysis of the total density
  --------------------------------------

    Atom       Charge   Shell Charges
 -----------   ------   -------------------------------------------------------
    1 Cl  17    18.00   0.78  1.19  0.91  1.07  0.93  1.06  7.41 -1.49  1.01  3.03  2.05  0.03 -0.00  0.04

       Multipole analysis of the density wrt the origin
       ------------------------------------------------

     L   x y z        total         open         nuclear
     -   - - -        -----         ----         -------
     0   0 0 0     -1.000000      0.000000     17.000000

     1   1 0 0      0.000000      0.000000      0.000000
     1   0 1 0      0.000000      0.000000      0.000000
     1   0 0 1     -0.000000      0.000000      0.000000

     2   2 0 0    -12.367535      0.000000      0.000000
     2   1 1 0      0.000000      0.000000      0.000000
     2   1 0 1     -0.000000      0.000000      0.000000
     2   0 2 0    -12.367535      0.000000      0.000000
     2   0 1 1     -0.000000      0.000000      0.000000
     2   0 0 2    -12.367535      0.000000      0.000000


 Parallel integral file used       4 records with       0 large values


 Task  times  cpu:        0.3s     wall:        0.3s


                                NWChem Input Module
                                -------------------


 Summary of allocated global arrays
-----------------------------------
  No active global arrays



                         GA Statistics for process    0
                         ------------------------------

       create   destroy   get      put      acc     scatter   gather  read&inc
calls:  367      367     2191     1299     2154        0        0      138     
number of processes/call 1.49e+13 -6.85e+15 1.82e+13 0.00e+00 0.00e+00
bytes total:             3.31e+06 2.00e+06 5.44e+05 0.00e+00 0.00e+00 1.10e+03
bytes remote:            6.70e+04 5.04e+04 3.20e+04 0.00e+00 0.00e+00 0.00e+00
Max memory consumed for GA by this process: 85776 bytes

MA_summarize_allocated_blocks: starting scan ...
MA_summarize_allocated_blocks: scan completed: 0 heap blocks, 0 stack blocks
MA usage statistics:

	allocation statistics:
					      heap	     stack
					      ----	     -----
	current number of blocks	         0	         0
	maximum number of blocks	        21	        25
	current total bytes		         0	         0
	maximum total bytes		   1590968	  22509864
	maximum total K-bytes		      1591	     22510
	maximum total M-bytes		         2	        23


                                     CITATION
                                     --------
                Please cite the following reference when publishing
                           results obtained with NWChem:

          E. Apra, E. J. Bylaska, W. A. de Jong, N. Govind, K. Kowalski,
       T. P. Straatsma, M. Valiev, H. J. J. van Dam, Y. Alexeev, J. Anchell,
       V. Anisimov, F. W. Aquino, R. Atta-Fynn, J. Autschbach, N. P. Bauman,
     J. C. Becca, D. E. Bernholdt, K. Bhaskaran-Nair, S. Bogatko, P. Borowski,
         J. Boschen, J. Brabec, A. Bruner, E. Cauet, Y. Chen, G. N. Chuev,
      C. J. Cramer, J. Daily, M. J. O. Deegan, T. H. Dunning Jr., M. Dupuis,
   K. G. Dyall, G. I. Fann, S. A. Fischer, A. Fonari, H. Fruchtl, L. Gagliardi,
      J. Garza, N. Gawande, S. Ghosh, K. Glaesemann, A. W. Gotz, J. Hammond,
       V. Helms, E. D. Hermes, K. Hirao, S. Hirata, M. Jacquelin, L. Jensen,
   B. G. Johnson, H. Jonsson, R. A. Kendall, M. Klemm, R. Kobayashi, V. Konkov,
      S. Krishnamoorthy, M. Krishnan, Z. Lin, R. D. Lins, R. J. Littlefield,
      A. J. Logsdail, K. Lopata, W. Ma, A. V. Marenich, J. Martin del Campo,
   D. Mejia-Rodriguez, J. E. Moore, J. M. Mullin, T. Nakajima, D. R. Nascimento,
    J. A. Nichols, P. J. Nichols, J. Nieplocha, A. Otero-de-la-Roza, B. Palmer,
    A. Panyala, T. Pirojsirikul, B. Peng, R. Peverati, J. Pittner, L. Pollack,
   R. M. Richard, P. Sadayappan, G. C. Schatz, W. A. Shelton, D. W. Silverstein,
   D. M. A. Smith, T. A. Soares, D. Song, M. Swart, H. L. Taylor, G. S. Thomas,
            V. Tipparaju, D. G. Truhlar, K. Tsemekhman, T. Van Voorhis,
      A. Vazquez-Mayagoitia, P. Verma, O. Villa, A. Vishnu, K. D. Vogiatzis,
        D. Wang, J. H. Weare, M. J. Williamson, T. L. Windus, K. Wolinski,
        A. T. Wong, Q. Wu, C. Yang, Q. Yu, M. Zacharias, Z. Zhang, Y. Zhao,
                                and R. J. Harrison
                        "NWChem: Past, present, and future
                         J. Chem. Phys. 152, 184102 (2020)
                               doi:10.1063/5.0004997

                                      AUTHORS
                                      -------
     E. Apra, E. J. Bylaska, N. Govind, K. Kowalski, M. Valiev, W. A. de Jong,
      T. P. Straatsma, H. J. J. van Dam, D. Wang, T. L. Windus, N. P. Bauman,
       A. Panyala, J. Hammond, J. Autschbach, K. Bhaskaran-Nair, J. Brabec,
    K. Lopata, S. A. Fischer, S. Krishnamoorthy, M. Jacquelin, W. Ma, M. Klemm,
       O. Villa, Y. Chen, V. Anisimov, F. Aquino, S. Hirata, M. T. Hackler,
           Eric Hermes, L. Jensen, J. E. Moore, J. C. Becca, V. Konjkov,
            D. Mejia-Rodriguez, T. Risthaus, M. Malagoli, A. Marenich,
   A. Otero-de-la-Roza, J. Mullin, P. Nichols, R. Peverati, J. Pittner, Y. Zhao,
        P.-D. Fan, A. Fonari, M. J. Williamson, R. J. Harrison, J. R. Rehr,
      M. Dupuis, D. Silverstein, D. M. A. Smith, J. Nieplocha, V. Tipparaju,
      M. Krishnan, B. E. Van Kuiken, A. Vazquez-Mayagoitia, M. Swart, Q. Wu,
   T. Van Voorhis, A. A. Auer, M. Nooijen, L. D. Crosby, E. Brown, G. Cisneros,
     G. I. Fann, H. Fruchtl, J. Garza, K. Hirao, R. A. Kendall, J. A. Nichols,
       K. Tsemekhman, K. Wolinski, J. Anchell, D. E. Bernholdt, P. Borowski,
       T. Clark, D. Clerc, H. Dachsel, M. J. O. Deegan, K. Dyall, D. Elwood,
      E. Glendening, M. Gutowski, A. C. Hess, J. Jaffe, B. G. Johnson, J. Ju,
        R. Kobayashi, R. Kutteh, Z. Lin, R. Littlefield, X. Long, B. Meng,
      T. Nakajima, S. Niu, L. Pollack, M. Rosing, K. Glaesemann, G. Sandrone,
      M. Stave, H. Taylor, G. Thomas, J. H. van Lenthe, A. T. Wong, Z. Zhang.

 Total times  cpu:        0.3s     wall:        0.3s
