 argument  1 = ./cosmo_h2o_dft.nw



============================== echo of input deck ==============================
echo
start cosmo_h2o_dft_dat
title "cosmo_h2o_dft"

geometry nocenter noautosym noautoz
  H    0.290  -1.478   2.133
  O   -0.526  -1.642   2.602
  H   -0.729  -0.989   3.278
end

basis noprint
  * library 6-31G
end


dft
  print medium cosmo_energies
  xc hfexch
  iterations 200
  noio
  direct
  GRID nodisk
end

cosmo
  minbem 2
  maxbem 3
end

property
  efield
end

set dft:xcreplicated f
set fock:replicated .false.

task dft property
================================================================================


                                         
                                         


             Northwest Computational Chemistry Package (NWChem) 7.0.1
             --------------------------------------------------------


                    Environmental Molecular Sciences Laboratory
                       Pacific Northwest National Laboratory
                                Richland, WA 99352

                              Copyright (c) 1994-2020
                       Pacific Northwest National Laboratory
                            Battelle Memorial Institute

             NWChem is an open-source computational chemistry package
                        distributed under the terms of the
                      Educational Community License (ECL) 2.0
             A copy of the license is included with this distribution
                              in the LICENSE.TXT file

                                  ACKNOWLEDGMENT
                                  --------------

            This software and its documentation were developed at the
            EMSL at Pacific Northwest National Laboratory, a multiprogram
            national laboratory, operated for the U.S. Department of Energy
            by Battelle under Contract Number DE-AC05-76RL01830. Support
            for this work was provided by the Department of Energy Office
            of Biological and Environmental Research, Office of Basic
            Energy Sciences, and the Office of Advanced Scientific Computing.


           Job information
           ---------------

    hostname        = WE41476
    program         = nwchem
    date            = Thu Nov 11 13:56:06 2021

    compiled        = Thu_Nov_11_13:51:38_2021
    source          = /Users/meji656/Sources/nwchem
    nwchem branch   = 7.0.0
    nwchem revision = nwchem_on_git-3012-g75ff49f32d
    ga revision     = 5.8.0
    use scalapack   = F
    input           = ./cosmo_h2o_dft.nw
    prefix          = cosmo_h2o_dft_dat.
    data base       = ./cosmo_h2o_dft_dat.db
    status          = startup
    nproc           =        4
    time left       =     -1s



           Memory information
           ------------------

    heap     =   13107196 doubles =    100.0 Mbytes
    stack    =   13107201 doubles =    100.0 Mbytes
    global   =   26214400 doubles =    200.0 Mbytes (distinct from heap & stack)
    total    =   52428797 doubles =    400.0 Mbytes
    verify   = yes
    hardfail = no 


           Directory information
           ---------------------

  0 permanent = .
  0 scratch   = .




                                NWChem Input Module
                                -------------------


                                   cosmo_h2o_dft
                                   -------------

 Scaling coordinates for geometry "geometry" by  1.889725989
 (inverse scale =  0.529177249)



                             Geometry "geometry" -> ""
                             -------------------------

 Output coordinates in angstroms (scale by  1.889725989 to convert to a.u.)

  No.       Tag          Charge          X              Y              Z
 ---- ---------------- ---------- -------------- -------------- --------------
    1 H                    1.0000     0.29000000    -1.47800000     2.13300000
    2 O                    8.0000    -0.52600000    -1.64200000     2.60200000
    3 H                    1.0000    -0.72900000    -0.98900000     3.27800000

      Atomic Mass 
      ----------- 

      H                  1.007825
      O                 15.994910


 Effective nuclear repulsion energy (a.u.)       9.1628016539

            Nuclear Dipole moment (a.u.) 
            ----------------------------
        X                 Y               Z
 ---------------- ---------------- ----------------
    -8.7815566689   -29.4853945998    49.5618435025


            XYZ format geometry
            -------------------
     3
 geometry
 H                     0.29000000    -1.47800000     2.13300000
 O                    -0.52600000    -1.64200000     2.60200000
 H                    -0.72900000    -0.98900000     3.27800000

 ==============================================================================
                                internuclear distances
 ------------------------------------------------------------------------------
       center one      |      center two      | atomic units |  angstroms
 ------------------------------------------------------------------------------
    2 O                |   1 H                |     1.80537  |     0.95536
    3 H                |   2 O                |     1.81708  |     0.96156
 ------------------------------------------------------------------------------
                         number of included internuclear distances:          2
 ==============================================================================



 ==============================================================================
                                 internuclear angles
 ------------------------------------------------------------------------------
        center 1       |       center 2       |       center 3       |  degrees
 ------------------------------------------------------------------------------
    1 H                |   2 O                |   3 H                |   114.13
 ------------------------------------------------------------------------------
                            number of included internuclear angles:          1
 ==============================================================================



  xc_inp: hfexch multiplicative factor not found.
                              NWChem Property Module
                              ----------------------


                                   cosmo_h2o_dft

  itol2e modified to match energy
  convergence criterion.

                                 NWChem DFT Module
                                 -----------------


                                   cosmo_h2o_dft




 Summary of "ao basis" -> "ao basis" (cartesian)
 ------------------------------------------------------------------------------
       Tag                 Description            Shells   Functions and Types
 ---------------- ------------------------------  ------  ---------------------
 H                           6-31G                   2        2   2s
 O                           6-31G                   5        9   3s2p



 solvent parameters
 solvname_short: h2o     
 solvname_long:  water                              
 dielec:       78.4000
 dielecinf:     1.7769

          ---------------
          -cosmo- solvent
          ---------------
 Cosmo: York-Karplus, doi: 10.1021/jp992097l
 dielectric constant -eps-     =  78.40
 screen = (eps-1)/(eps    )    =   0.98724
 surface charge correction     = lagrangian

 solvent accessible surface
 --------------------------

 ---------- ATOMIC COORDINATES (A.U.) ------------ VDWR(ANG.) --
     1    0.54802054   -2.79301501    4.03078553     1.300
     2   -0.99399587   -3.10293007    4.91706702     1.720
     3   -1.37761025   -1.86893900    6.19452179     1.300
 number of segments per atom =         32
 number of   points per atom =         32
 atom (   nspa,  nppa )
 ----------------------
    1 (     18,     0 )       0
    2 (     26,     0 )       0
    3 (     17,     0 )       0
 number of -cosmo- surface points =       61
 molecular surface =     42.141 angstrom**2
 molecular volume  =     21.615 angstrom**3
 G(cav/disp)       =      1.071 kcal/mol
 -lineq- algorithm             =   0
 -bem- low  level              =   2
 -bem- from -octahedral-
 gaussian surface charge width =   4.50000
 degree of switching           =   1.00000
 switching function tolerance  =   0.00010
 atomic radii = 
 --------------
    1  1.000  1.300
    2  8.000  1.720
    3  1.000  1.300
 ...... end of -cosmo- initialization ......


  Caching 1-el integrals 
  itol2e modified to match energy
  convergence criterion.

            General Information
            -------------------
          SCF calculation type: DFT
          Wavefunction type:  closed shell.
          No. of atoms     :     3
          No. of electrons :    10
           Alpha electrons :     5
            Beta electrons :     5
          Charge           :     0
          Spin multiplicity:     1
          Use of symmetry is: off; symmetry adaption is: off
          Maximum number of iterations: 200
          This is a Direct SCF calculation.
          AO basis - number of functions:    13
                     number of shells:     9
          Convergence on energy requested:  1.00D-07
          Convergence on density requested:  1.00D-05
          Convergence on gradient requested:  5.00D-04

              XC Information
              --------------
                     Hartree-Fock (Exact) Exchange  1.000          

          Convergence Information
          -----------------------
          Convergence aids based upon iterative change in 
          total energy or number of iterations. 
          Levelshifting, if invoked, occurs when the 
          HOMO/LUMO gap drops below (HL_TOL):  1.00D-02
          DIIS, if invoked, will attempt to extrapolate 
          using up to (NFOCK): 10 stored Fock matrices.

                    Damping( 0%)  Levelshifting(0.5)       DIIS
                  --------------- ------------------- ---------------
          dE  on:    start            ASAP                start   
          dE off:    2 iters        200 iters           200 iters 


      Screening Tolerance Information
      -------------------------------
          Density screening/tol_rho:  1.00D-11
          AO Gaussian exp screening on grid/accAOfunc:  16
          CD Gaussian exp screening on grid/accCDfunc:  20
          XC Gaussian exp screening on grid/accXCfunc:  20
          Schwarz screening/accCoul:  1.00D-08


      Superposition of Atomic Density Guess
      -------------------------------------

 Sum of atomic energies:         -75.75081731

      Non-variational initial energy
      ------------------------------

 Total energy =     -75.908302
 1-e energy   =    -121.677027
 2-e energy   =      36.605923
 HOMO         =      -0.468658
 LUMO         =       0.113391

   Time after variat. SCF:      0.1
   Time prior to 1st pass:      0.1

           Memory utilization after 1st SCF pass: 
           Heap Space remaining (MW):       13.11            13105708
          Stack Space remaining (MW):       13.11            13106972

   convergence    iter        energy       DeltaE   RMS-Dens  Diis-err    time
 ---------------- ----- ----------------- --------- --------- ---------  ------
     COSMO gas phase
 d= 0,ls=0.0,diis     1    -75.9504799103 -8.51D+01  2.93D-02  3.18D-01     0.1
 d= 0,ls=0.0,diis     2    -75.9768470171 -2.64D-02  1.00D-02  9.03D-02     0.1
 d= 0,ls=0.0,diis     3    -75.9847782865 -7.93D-03  1.82D-03  9.54D-04     0.1
 d= 0,ls=0.0,diis     4    -75.9849420290 -1.64D-04  3.64D-04  2.14D-05     0.1
 d= 0,ls=0.0,diis     5    -75.9849470684 -5.04D-06  6.65D-05  4.82D-07     0.1
 d= 0,ls=0.0,diis     6    -75.9849472001 -1.32D-07  6.19D-06  4.10D-09     0.2
 d= 0,ls=0.0,diis     7    -75.9849472013 -1.20D-09  2.02D-06  1.87D-10     0.2
 Alternative 1
 -atmefc- energy =       0.056379358756
 -elcefc- energy =      -0.085788539472
 -efcefc- energy =       0.014704590358
 -lambda- energy =      -0.000000000000
 -solnrg- energy =      -0.014704590358
 -allefc- energy =      -0.029409180716     -0.029409180716
 -ecos  - energy =       0.071083949114
 Alternative 2
 -atmefc- energy =       0.056379358756
 -elcefc- energy =      -0.085788539472
 -allefc- energy =      -0.029409180716
 -solnrg- energy =      -0.014704590358
 -ecos  - energy =       0.071083949114

           Memory utilization after 1st SCF pass: 
           Heap Space remaining (MW):       13.11            13105428
          Stack Space remaining (MW):       13.11            13106972

   convergence    iter        energy       DeltaE   RMS-Dens  Diis-err    time
 ---------------- ----- ----------------- --------- --------- ---------  ------
     COSMO solvation phase
 d= 0,ls=0.0,diis     1    -75.9996517917 -1.47D-02  5.87D-03  4.22D-03     0.2
 Alternative 1
 -atmefc- energy =       0.060116153832
 -elcefc- energy =      -0.093151595876
 -efcefc- energy =       0.016517721022
 -lambda- energy =      -0.000000000000
 -solnrg- energy =      -0.016517721022
 -allefc- energy =      -0.033035442044     -0.033035442044
 -ecos  - energy =       0.076633874854
 Alternative 2
 -atmefc- energy =       0.060116153832
 -elcefc- energy =      -0.093151595876
 -allefc- energy =      -0.033035442044
 -solnrg- energy =      -0.016517721022
 -ecos  - energy =       0.076633874854
 d= 0,ls=0.0,diis     2    -76.0007796418 -1.13D-03  2.40D-03  8.64D-04     0.2
 Alternative 1
 -atmefc- energy =       0.061086237265
 -elcefc- energy =      -0.095237635307
 -efcefc- energy =       0.017075699021
 -lambda- energy =      -0.000000000000
 -solnrg- energy =      -0.017075699021
 -allefc- energy =      -0.034151398043     -0.034151398043
 -ecos  - energy =       0.078161936286
 Alternative 2
 -atmefc- energy =       0.061086237265
 -elcefc- energy =      -0.095237635307
 -allefc- energy =      -0.034151398043
 -solnrg- energy =      -0.017075699021
 -ecos  - energy =       0.078161936286
 d= 0,ls=0.0,diis     3    -76.0009569142 -1.77D-04  1.13D-03  1.51D-04     0.2
 Alternative 1
 -atmefc- energy =       0.061755610180
 -elcefc- energy =      -0.096596796260
 -efcefc- energy =       0.017420593040
 -lambda- energy =      -0.000000000000
 -solnrg- energy =      -0.017420593040
 -allefc- energy =      -0.034841186080     -0.034841186080
 -ecos  - energy =       0.079176203220
 Alternative 2
 -atmefc- energy =       0.061755610180
 -elcefc- energy =      -0.096596796260
 -allefc- energy =      -0.034841186080
 -solnrg- energy =      -0.017420593040
 -ecos  - energy =       0.079176203220
 d= 0,ls=0.0,diis     4    -76.0009912188 -3.43D-05  2.80D-04  4.61D-06     0.2
 Alternative 1
 -atmefc- energy =       0.061841301628
 -elcefc- energy =      -0.096784865109
 -efcefc- energy =       0.017471781741
 -lambda- energy =       0.000000000000
 -solnrg- energy =      -0.017471781741
 -allefc- energy =      -0.034943563481     -0.034943563481
 -ecos  - energy =       0.079313083368
 Alternative 2
 -atmefc- energy =       0.061841301628
 -elcefc- energy =      -0.096784865109
 -allefc- energy =      -0.034943563481
 -solnrg- energy =      -0.017471781741
 -ecos  - energy =       0.079313083368
 d= 0,ls=0.0,diis     5    -76.0009927699 -1.55D-06  3.56D-05  1.06D-07     0.2
 Alternative 1
 -atmefc- energy =       0.061842468983
 -elcefc- energy =      -0.096789470007
 -efcefc- energy =       0.017473500512
 -lambda- energy =      -0.000000000000
 -solnrg- energy =      -0.017473500512
 -allefc- energy =      -0.034947001025     -0.034947001025
 -ecos  - energy =       0.079315969495
 Alternative 2
 -atmefc- energy =       0.061842468983
 -elcefc- energy =      -0.096789470007
 -allefc- energy =      -0.034947001025
 -solnrg- energy =      -0.017473500512
 -ecos  - energy =       0.079315969495
 d= 0,ls=0.0,diis     6    -76.0009928050 -3.50D-08  5.75D-06  2.86D-09     0.3


         Total DFT energy =      -76.000992804950
      One electron energy =     -123.145357902247
           Coulomb energy =       46.861131435296
    Exchange-Corr. energy =       -8.958883961398
 Nuclear repulsion energy =        9.162801653904

             COSMO energy =        0.079315969495

 Numeric. integr. density =        0.000000000000

     Total iterative time =      0.2s


                                   COSMO solvation results
                                   -----------------------

                 gas phase energy =       -75.984947201259
                 sol phase energy =       -76.000992804950
 (electrostatic) solvation energy =         0.016045603691 (   10.07 kcal/mol)

                       DFT Final Molecular Orbital Analysis
                       ------------------------------------

 Vector    1  Occ=2.000000D+00  E=-2.055225D+01
              MO Center= -5.3D-01, -1.6D+00,  2.6D+00, r^2= 1.5D-02
   Bfn.  Coefficient  Atom+Function         Bfn.  Coefficient  Atom+Function  
  ----- ------------  ---------------      ----- ------------  ---------------
     3      0.995763  2 O  s          

 Vector    2  Occ=2.000000D+00  E=-1.342747D+00
              MO Center= -4.3D-01, -1.5D+00,  2.6D+00, r^2= 5.1D-01
   Bfn.  Coefficient  Atom+Function         Bfn.  Coefficient  Atom+Function  
  ----- ------------  ---------------      ----- ------------  ---------------
     8      0.493256  2 O  s                  4      0.471230  2 O  s          
     3     -0.214709  2 O  s                  1      0.136190  1 H  s          
    12      0.133789  3 H  s                  6      0.074067  2 O  py         
     5      0.057317  2 O  px                10      0.036792  2 O  py         
     9      0.027837  2 O  px         

 Vector    3  Occ=2.000000D+00  E=-7.220191D-01
              MO Center= -4.2D-01, -1.5D+00,  2.6D+00, r^2= 7.8D-01
   Bfn.  Coefficient  Atom+Function         Bfn.  Coefficient  Atom+Function  
  ----- ------------  ---------------      ----- ------------  ---------------
     7      0.361339  2 O  pz                 5     -0.324383  2 O  px         
     1     -0.255606  1 H  s                 12      0.254110  3 H  s          
    11      0.202790  2 O  pz                 9     -0.181762  2 O  px         
     6      0.151981  2 O  py                13      0.094733  3 H  s          
     2     -0.093834  1 H  s                 10      0.085750  2 O  py         

 Vector    4  Occ=2.000000D+00  E=-5.521941D-01
              MO Center= -5.9D-01, -1.7D+00,  2.6D+00, r^2= 6.6D-01
   Bfn.  Coefficient  Atom+Function         Bfn.  Coefficient  Atom+Function  
  ----- ------------  ---------------      ----- ------------  ---------------
     6      0.443961  2 O  py                10      0.344232  2 O  py         
     5      0.333967  2 O  px                 9      0.258684  2 O  px         
     8     -0.254678  2 O  s                  4     -0.147057  2 O  s          
    12      0.131353  3 H  s                  1      0.129658  1 H  s          
     7      0.111315  2 O  pz                11      0.086445  2 O  pz         

 Vector    5  Occ=2.000000D+00  E=-5.012137D-01
              MO Center= -5.3D-01, -1.6D+00,  2.6D+00, r^2= 6.1D-01
   Bfn.  Coefficient  Atom+Function         Bfn.  Coefficient  Atom+Function  
  ----- ------------  ---------------      ----- ------------  ---------------
     7      0.428471  2 O  pz                11      0.349716  2 O  pz         
     6     -0.344961  2 O  py                 5      0.315642  2 O  px         
    10     -0.281858  2 O  py                 9      0.257961  2 O  px         

 Vector    6  Occ=0.000000D+00  E= 2.274477D-01
              MO Center= -1.6D-01, -1.1D+00,  2.7D+00, r^2= 2.6D+00
   Bfn.  Coefficient  Atom+Function         Bfn.  Coefficient  Atom+Function  
  ----- ------------  ---------------      ----- ------------  ---------------
     8      1.188591  2 O  s                 13     -1.005998  3 H  s          
     2     -0.985438  1 H  s                 10      0.341917  2 O  py         
     9      0.251233  2 O  px                 6      0.152884  2 O  py         
     4      0.128935  2 O  s                  5      0.111474  2 O  px         
     3     -0.090817  2 O  s                 11      0.090482  2 O  pz         

 Vector    7  Occ=0.000000D+00  E= 3.266826D-01
              MO Center= -1.2D-01, -1.1D+00,  2.7D+00, r^2= 2.8D+00
   Bfn.  Coefficient  Atom+Function         Bfn.  Coefficient  Atom+Function  
  ----- ------------  ---------------      ----- ------------  ---------------
     2      1.375971  1 H  s                 13     -1.347372  3 H  s          
    11      0.593717  2 O  pz                 9     -0.532984  2 O  px         
    10      0.249353  2 O  py                 7      0.235513  2 O  pz         
     5     -0.210825  2 O  px                 6      0.099338  2 O  py         
    12     -0.042989  3 H  s                  1      0.042176  1 H  s          

 Vector    8  Occ=0.000000D+00  E= 1.121232D+00
              MO Center= -5.2D-01, -1.5D+00,  2.7D+00, r^2= 1.5D+00
   Bfn.  Coefficient  Atom+Function         Bfn.  Coefficient  Atom+Function  
  ----- ------------  ---------------      ----- ------------  ---------------
    12      1.100390  3 H  s                  1     -0.904682  1 H  s          
    11     -0.605054  2 O  pz                 9      0.538317  2 O  px         
    13     -0.464528  3 H  s                  2      0.345232  1 H  s          
    10     -0.265940  2 O  py                 7     -0.088170  2 O  pz         
     6     -0.062107  2 O  py                 5      0.043931  2 O  px         

 Vector    9  Occ=0.000000D+00  E= 1.149593D+00
              MO Center= -1.1D-01, -1.2D+00,  2.6D+00, r^2= 1.2D+00
   Bfn.  Coefficient  Atom+Function         Bfn.  Coefficient  Atom+Function  
  ----- ------------  ---------------      ----- ------------  ---------------
     1      1.097155  1 H  s                 12      0.890550  3 H  s          
     2     -0.529108  1 H  s                 13     -0.476788  3 H  s          
     4     -0.278018  2 O  s                  9     -0.253778  2 O  px         
    10     -0.205519  2 O  py                 6     -0.194587  2 O  py         
     5     -0.146461  2 O  px                 3      0.068259  2 O  s          

 Vector   10  Occ=0.000000D+00  E= 1.159987D+00
              MO Center= -5.3D-01, -1.6D+00,  2.6D+00, r^2= 1.1D+00
   Bfn.  Coefficient  Atom+Function         Bfn.  Coefficient  Atom+Function  
  ----- ------------  ---------------      ----- ------------  ---------------
    11     -0.699061  2 O  pz                 7      0.651485  2 O  pz         
    10      0.564117  2 O  py                 6     -0.527417  2 O  py         
     9     -0.510713  2 O  px                 5      0.480837  2 O  px         

 Vector   11  Occ=0.000000D+00  E= 1.187120D+00
              MO Center= -6.9D-01, -1.9D+00,  2.5D+00, r^2= 1.0D+00
   Bfn.  Coefficient  Atom+Function         Bfn.  Coefficient  Atom+Function  
  ----- ------------  ---------------      ----- ------------  ---------------
    10      0.882217  2 O  py                 6     -0.738727  2 O  py         
     9      0.659370  2 O  px                 5     -0.563003  2 O  px         
     4      0.262992  2 O  s                 11      0.228425  2 O  pz         
     7     -0.183516  2 O  pz                 2     -0.150351  1 H  s          
    13     -0.132176  3 H  s                 12     -0.116943  3 H  s          

 Vector   12  Occ=0.000000D+00  E= 1.387051D+00
              MO Center= -5.0D-01, -1.6D+00,  2.6D+00, r^2= 1.4D+00
   Bfn.  Coefficient  Atom+Function         Bfn.  Coefficient  Atom+Function  
  ----- ------------  ---------------      ----- ------------  ---------------
    11      1.140488  2 O  pz                 9     -1.012544  2 O  px         
     2      0.928008  1 H  s                 13     -0.913919  3 H  s          
     7     -0.739446  2 O  pz                 5      0.659620  2 O  px         
    10      0.487900  2 O  py                 6     -0.313208  2 O  py         
     1     -0.083521  1 H  s                 12      0.059713  3 H  s          

 Vector   13  Occ=0.000000D+00  E= 1.673690D+00
              MO Center= -3.5D-01, -1.4D+00,  2.7D+00, r^2= 1.2D+00
   Bfn.  Coefficient  Atom+Function         Bfn.  Coefficient  Atom+Function  
  ----- ------------  ---------------      ----- ------------  ---------------
     8      2.720001  2 O  s                  4     -1.701296  2 O  s          
     2     -0.664137  1 H  s                 13     -0.648322  3 H  s          
    10      0.559297  2 O  py                 9      0.425838  2 O  px         
    12     -0.331493  3 H  s                  1     -0.327300  1 H  s          
     6     -0.157165  2 O  py                11      0.136908  2 O  pz         


 center of mass
 --------------
 x =  -0.92917465 y =  -3.01653702 z =   4.93895608

 moments of inertia (a.u.)
 ------------------
           3.924693981154           0.096308248243           1.896794114038
           0.096308248243           4.896728093959          -1.277822468465
           1.896794114038          -1.277822468465           3.966077698630

     Multipole analysis of the density
     ---------------------------------

     L   x y z        total         alpha         beta         nuclear
     -   - - -        -----         -----         ----         -------
     0   0 0 0     -0.000000     -5.000000     -5.000000     10.000000

     1   1 0 0      0.628918      4.705238      4.705238     -8.781557
     1   0 1 0      0.834479     15.159937     15.159937    -29.485395
     1   0 0 1      0.209160    -24.676342    -24.676342     49.561844

     2   2 0 0     -5.148262     -7.625310     -7.625310     10.102359
     2   1 1 0     -2.802249    -14.260343    -14.260343     25.718437
     2   1 0 1      1.773420     23.599229     23.599229    -45.425038
     2   0 2 0     -9.633947    -48.976607    -48.976607     88.319266
     2   0 1 1      4.217442     74.555596     74.555596   -144.893749
     2   0 0 2     -1.891293   -124.965505   -124.965505    248.039717

 scftyp:RHF
 theory:dft                           

          --------------
          Electric field
          --------------

 1 a.u. = 0.171524 10**(-8) dyn/esu 

   Atom       X         Y         Z                        Electric field (a.u.)
                                              X              Y              Z           Field
  ------------------------------------------------------------------------------------------------
    1 H    0.54802  -2.79302   4.03079       0.086312       0.012147      -0.053967       0.102517
    2 O   -0.99400  -3.10293   4.91707      -0.131526      -0.172476      -0.042337       0.220997
    3 H   -1.37761  -1.86894   6.19452      -0.025512       0.061310       0.068115       0.095128

 Task  times  cpu:        0.2s     wall:        0.2s


                                NWChem Input Module
                                -------------------


 Summary of allocated global arrays
-----------------------------------
  No active global arrays



                         GA Statistics for process    0
                         ------------------------------

       create   destroy   get      put      acc     scatter   gather  read&inc
calls:  212      212     1023      311     1043        0        0      224     
number of processes/call 1.07e+14 -3.22e+13 1.23e+14 0.00e+00 0.00e+00
bytes total:             5.58e+05 1.64e+05 3.10e+05 0.00e+00 0.00e+00 1.79e+03
bytes remote:            1.35e+05 1.70e+04 9.20e+04 0.00e+00 0.00e+00 0.00e+00
Max memory consumed for GA by this process: 39368 bytes

MA_summarize_allocated_blocks: starting scan ...
MA_summarize_allocated_blocks: scan completed: 0 heap blocks, 0 stack blocks
MA usage statistics:

	allocation statistics:
					      heap	     stack
					      ----	     -----
	current number of blocks	         0	         0
	maximum number of blocks	        24	        27
	current total bytes		         0	         0
	maximum total bytes		   3214272	  22510504
	maximum total K-bytes		      3215	     22511
	maximum total M-bytes		         4	        23


                                     CITATION
                                     --------
                Please cite the following reference when publishing
                           results obtained with NWChem:

          E. Apra, E. J. Bylaska, W. A. de Jong, N. Govind, K. Kowalski,
       T. P. Straatsma, M. Valiev, H. J. J. van Dam, Y. Alexeev, J. Anchell,
       V. Anisimov, F. W. Aquino, R. Atta-Fynn, J. Autschbach, N. P. Bauman,
     J. C. Becca, D. E. Bernholdt, K. Bhaskaran-Nair, S. Bogatko, P. Borowski,
         J. Boschen, J. Brabec, A. Bruner, E. Cauet, Y. Chen, G. N. Chuev,
      C. J. Cramer, J. Daily, M. J. O. Deegan, T. H. Dunning Jr., M. Dupuis,
   K. G. Dyall, G. I. Fann, S. A. Fischer, A. Fonari, H. Fruchtl, L. Gagliardi,
      J. Garza, N. Gawande, S. Ghosh, K. Glaesemann, A. W. Gotz, J. Hammond,
       V. Helms, E. D. Hermes, K. Hirao, S. Hirata, M. Jacquelin, L. Jensen,
   B. G. Johnson, H. Jonsson, R. A. Kendall, M. Klemm, R. Kobayashi, V. Konkov,
      S. Krishnamoorthy, M. Krishnan, Z. Lin, R. D. Lins, R. J. Littlefield,
      A. J. Logsdail, K. Lopata, W. Ma, A. V. Marenich, J. Martin del Campo,
   D. Mejia-Rodriguez, J. E. Moore, J. M. Mullin, T. Nakajima, D. R. Nascimento,
    J. A. Nichols, P. J. Nichols, J. Nieplocha, A. Otero-de-la-Roza, B. Palmer,
    A. Panyala, T. Pirojsirikul, B. Peng, R. Peverati, J. Pittner, L. Pollack,
   R. M. Richard, P. Sadayappan, G. C. Schatz, W. A. Shelton, D. W. Silverstein,
   D. M. A. Smith, T. A. Soares, D. Song, M. Swart, H. L. Taylor, G. S. Thomas,
            V. Tipparaju, D. G. Truhlar, K. Tsemekhman, T. Van Voorhis,
      A. Vazquez-Mayagoitia, P. Verma, O. Villa, A. Vishnu, K. D. Vogiatzis,
        D. Wang, J. H. Weare, M. J. Williamson, T. L. Windus, K. Wolinski,
        A. T. Wong, Q. Wu, C. Yang, Q. Yu, M. Zacharias, Z. Zhang, Y. Zhao,
                                and R. J. Harrison
                        "NWChem: Past, present, and future
                         J. Chem. Phys. 152, 184102 (2020)
                               doi:10.1063/5.0004997

                                      AUTHORS
                                      -------
     E. Apra, E. J. Bylaska, N. Govind, K. Kowalski, M. Valiev, W. A. de Jong,
      T. P. Straatsma, H. J. J. van Dam, D. Wang, T. L. Windus, N. P. Bauman,
       A. Panyala, J. Hammond, J. Autschbach, K. Bhaskaran-Nair, J. Brabec,
    K. Lopata, S. A. Fischer, S. Krishnamoorthy, M. Jacquelin, W. Ma, M. Klemm,
       O. Villa, Y. Chen, V. Anisimov, F. Aquino, S. Hirata, M. T. Hackler,
           Eric Hermes, L. Jensen, J. E. Moore, J. C. Becca, V. Konjkov,
            D. Mejia-Rodriguez, T. Risthaus, M. Malagoli, A. Marenich,
   A. Otero-de-la-Roza, J. Mullin, P. Nichols, R. Peverati, J. Pittner, Y. Zhao,
        P.-D. Fan, A. Fonari, M. J. Williamson, R. J. Harrison, J. R. Rehr,
      M. Dupuis, D. Silverstein, D. M. A. Smith, J. Nieplocha, V. Tipparaju,
      M. Krishnan, B. E. Van Kuiken, A. Vazquez-Mayagoitia, M. Swart, Q. Wu,
   T. Van Voorhis, A. A. Auer, M. Nooijen, L. D. Crosby, E. Brown, G. Cisneros,
     G. I. Fann, H. Fruchtl, J. Garza, K. Hirao, R. A. Kendall, J. A. Nichols,
       K. Tsemekhman, K. Wolinski, J. Anchell, D. E. Bernholdt, P. Borowski,
       T. Clark, D. Clerc, H. Dachsel, M. J. O. Deegan, K. Dyall, D. Elwood,
      E. Glendening, M. Gutowski, A. C. Hess, J. Jaffe, B. G. Johnson, J. Ju,
        R. Kobayashi, R. Kutteh, Z. Lin, R. Littlefield, X. Long, B. Meng,
      T. Nakajima, S. Niu, L. Pollack, M. Rosing, K. Glaesemann, G. Sandrone,
      M. Stave, H. Taylor, G. Thomas, J. H. van Lenthe, A. T. Wong, Z. Zhang.

 Total times  cpu:        0.3s     wall:        0.3s
